[    0.000000] Linux version 6.14.0-27-generic (buildd@lcy02-amd64-120) (x86_64-linux-gnu-gcc-13 (Ubuntu 13.3.0-6ubuntu2~24.04) 13.3.0, GNU ld (GNU Binutils for Ubuntu) 2.42) #27~24.04.1-Ubuntu SMP PREEMPT_DYNAMIC Tue Jul 22 17:38:49 UTC 2 (Ubuntu 6.14.0-27.27~24.04.1-generic 6.14.6)
[    0.000000] Command line: BOOT_IMAGE=/boot/vmlinuz-6.14.0-27-generic root=UUID=2791277a-1b01-4d94-8f51-2b475229ffa7 ro quiet splash vt.handoff=7
[    0.000000] KERNEL supported cpus:
[    0.000000]   Intel GenuineIntel
[    0.000000]   AMD AuthenticAMD
[    0.000000]   Hygon HygonGenuine
[    0.000000]   Centaur CentaurHauls
[    0.000000]   zhaoxin   Shanghai  
[    0.000000] BIOS-provided physical RAM map:
[    0.000000] BIOS-e820: [mem 0x0000000000000000-0x000000000009efff] usable
[    0.000000] BIOS-e820: [mem 0x000000000009f000-0x00000000000fffff] reserved
[    0.000000] BIOS-e820: [mem 0x0000000000100000-0x000000007f297fff] usable
[    0.000000] BIOS-e820: [mem 0x000000007f298000-0x000000007fb97fff] reserved
[    0.000000] BIOS-e820: [mem 0x000000007fb98000-0x000000008ddadfff] usable
[    0.000000] BIOS-e820: [mem 0x000000008ddae000-0x000000008f2cdfff] reserved
[    0.000000] BIOS-e820: [mem 0x000000008f2ce000-0x000000008fbcdfff] ACPI NVS
[    0.000000] BIOS-e820: [mem 0x000000008fbce000-0x000000008fc4dfff] ACPI data
[    0.000000] BIOS-e820: [mem 0x000000008fc4e000-0x000000008fc4efff] usable
[    0.000000] BIOS-e820: [mem 0x000000008fc4f000-0x000000009b7fffff] reserved
[    0.000000] BIOS-e820: [mem 0x00000000e0000000-0x00000000efffffff] reserved
[    0.000000] BIOS-e820: [mem 0x00000000fe000000-0x00000000fe010fff] reserved
[    0.000000] BIOS-e820: [mem 0x00000000fed10000-0x00000000fed19fff] reserved
[    0.000000] BIOS-e820: [mem 0x00000000fed84000-0x00000000fed84fff] reserved
[    0.000000] BIOS-e820: [mem 0x00000000fee00000-0x00000000fee00fff] reserved
[    0.000000] BIOS-e820: [mem 0x00000000ff500000-0x00000000ffffffff] reserved
[    0.000000] BIOS-e820: [mem 0x0000000100000000-0x00000002627fffff] usable
[    0.000000] NX (Execute Disable) protection: active
[    0.000000] APIC: Static calls initialized
[    0.000000] e820: update [mem 0x7c222018-0x7c232057] usable ==> usable
[    0.000000] extended physical RAM map:
[    0.000000] reserve setup_data: [mem 0x0000000000000000-0x000000000009efff] usable
[    0.000000] reserve setup_data: [mem 0x000000000009f000-0x00000000000fffff] reserved
[    0.000000] reserve setup_data: [mem 0x0000000000100000-0x000000007c222017] usable
[    0.000000] reserve setup_data: [mem 0x000000007c222018-0x000000007c232057] usable
[    0.000000] reserve setup_data: [mem 0x000000007c232058-0x000000007f297fff] usable
[    0.000000] reserve setup_data: [mem 0x000000007f298000-0x000000007fb97fff] reserved
[    0.000000] reserve setup_data: [mem 0x000000007fb98000-0x000000008ddadfff] usable
[    0.000000] reserve setup_data: [mem 0x000000008ddae000-0x000000008f2cdfff] reserved
[    0.000000] reserve setup_data: [mem 0x000000008f2ce000-0x000000008fbcdfff] ACPI NVS
[    0.000000] reserve setup_data: [mem 0x000000008fbce000-0x000000008fc4dfff] ACPI data
[    0.000000] reserve setup_data: [mem 0x000000008fc4e000-0x000000008fc4efff] usable
[    0.000000] reserve setup_data: [mem 0x000000008fc4f000-0x000000009b7fffff] reserved
[    0.000000] reserve setup_data: [mem 0x00000000e0000000-0x00000000efffffff] reserved
[    0.000000] reserve setup_data: [mem 0x00000000fe000000-0x00000000fe010fff] reserved
[    0.000000] reserve setup_data: [mem 0x00000000fed10000-0x00000000fed19fff] reserved
[    0.000000] reserve setup_data: [mem 0x00000000fed84000-0x00000000fed84fff] reserved
[    0.000000] reserve setup_data: [mem 0x00000000fee00000-0x00000000fee00fff] reserved
[    0.000000] reserve setup_data: [mem 0x00000000ff500000-0x00000000ffffffff] reserved
[    0.000000] reserve setup_data: [mem 0x0000000100000000-0x00000002627fffff] usable
[    0.000000] efi: EFI v2.7 by INSYDE Corp.
[    0.000000] efi: ACPI=0x8fc4d000 ACPI 2.0=0x8fc4d014 TPMFinalLog=0x8fbc5000 SMBIOS=0x8e341000 SMBIOS 3.0=0x8e33f000 ESRT=0x7c5ae618 MOKvar=0x8e319000 INITRD=0x7c248298 RNG=0x8fbed018 TPMEventLog=0x8fbe1018 
[    0.000000] random: crng init done
[    0.000000] efi: Remove mem56: MMIO range=[0xe0000000-0xefffffff] (256MB) from e820 map
[    0.000000] e820: remove [mem 0xe0000000-0xefffffff] reserved
[    0.000000] efi: Not removing mem57: MMIO range=[0xfe000000-0xfe010fff] (68KB) from e820 map
[    0.000000] efi: Not removing mem58: MMIO range=[0xfed10000-0xfed19fff] (40KB) from e820 map
[    0.000000] efi: Not removing mem59: MMIO range=[0xfed84000-0xfed84fff] (4KB) from e820 map
[    0.000000] efi: Not removing mem60: MMIO range=[0xfee00000-0xfee00fff] (4KB) from e820 map
[    0.000000] efi: Remove mem61: MMIO range=[0xff500000-0xffffffff] (11MB) from e820 map
[    0.000000] e820: remove [mem 0xff500000-0xffffffff] reserved
[    0.000000] SMBIOS 3.2.0 present.
[    0.000000] DMI: LENOVO 81WB/LNVNB161216, BIOS DXCN45WW 06/13/2023
[    0.000000] DMI: Memory slots populated: 2/2
[    0.000000] secureboot: Secure boot disabled
[    0.000000] tsc: Detected 2600.000 MHz processor
[    0.000000] tsc: Detected 2599.992 MHz TSC
[    0.000000] [Firmware Bug]: TSC ADJUST: CPU0: -1656635227 force to 0
[    0.000011] e820: update [mem 0x00000000-0x00000fff] usable ==> reserved
[    0.000015] e820: remove [mem 0x000a0000-0x000fffff] usable
[    0.000027] last_pfn = 0x262800 max_arch_pfn = 0x400000000
[    0.000033] MTRR map: 5 entries (3 fixed + 2 variable; max 23), built from 10 variable MTRRs
[    0.000036] x86/PAT: Configuration [0-7]: WB  WC  UC- UC  WB  WP  UC- WT  
[    0.000691] last_pfn = 0x8fc4f max_arch_pfn = 0x400000000
[    0.011827] esrt: Reserving ESRT space from 0x000000007c5ae618 to 0x000000007c5ae6c8.
[    0.011834] e820: update [mem 0x7c5ae000-0x7c5aefff] usable ==> reserved
[    0.011860] Using GB pages for direct mapping
[    0.012871] secureboot: Secure boot disabled
[    0.012872] RAMDISK: [mem 0x74e53000-0x793b9fff]
[    0.013505] ACPI: Early table checksum verification disabled
[    0.013509] ACPI: RSDP 0x000000008FC4D014 000024 (v02 LENOVO)
[    0.013514] ACPI: XSDT 0x000000008FC2F188 0000F4 (v01 LENOVO CB-01    00000001      01000013)
[    0.013522] ACPI: FACP 0x000000008FC32000 00010C (v05 LENOVO CB-01    00000001      01000013)
[    0.013530] ACPI: DSDT 0x000000008FBF3000 03BF71 (v02 LENOVO CB-01    00000001      01000013)
[    0.013534] ACPI: FACS 0x000000008FB8A000 000040
[    0.013538] ACPI: UEFI 0x000000008FBCD000 000236 (v01 LENOVO CB-01    00000001 ACPI 00040000)
[    0.013543] ACPI: SSDT 0x000000008FC48000 003C62 (v02 LENOVO CB-01    00000001 INTL 20160422)
[    0.013547] ACPI: SSDT 0x000000008FC46000 001B4A (v02 LENOVO CB-01    00000001 INTL 20160422)
[    0.013551] ACPI: SSDT 0x000000008FC42000 0031CB (v02 LENOVO CB-01    00000001 INTL 20160422)
[    0.013556] ACPI: SSDT 0x000000008FC41000 00045A (v02 LENOVO CB-01    00000001 INTL 20160422)
[    0.013560] ACPI: SSDT 0x000000008FC40000 000046 (v02 LENOVO CB-01    00000001 INTL 20160422)
[    0.013564] ACPI: TPM2 0x000000008FC3F000 000034 (v03 LENOVO CB-01    00000001      01000013)
[    0.013568] ACPI: MSDM 0x000000008FC3E000 000055 (v03 LENOVO CB-01    00000001 ACPI 00040000)
[    0.013573] ACPI: LPIT 0x000000008FC3D000 000094 (v01 LENOVO CB-01    00000001      01000013)
[    0.013577] ACPI: WSMT 0x000000008FC3C000 000028 (v01 LENOVO CB-01    00000001      01000013)
[    0.013581] ACPI: SSDT 0x000000008FC3B000 000B70 (v02 LENOVO CB-01    00000001 INTL 20160422)
[    0.013585] ACPI: SSDT 0x000000008FC38000 00256F (v02 LENOVO CB-01    00000001 INTL 20160422)
[    0.013590] ACPI: DBGP 0x000000008FC37000 000034 (v01 LENOVO CB-01    00000001 ACPI 00040000)
[    0.013594] ACPI: DBG2 0x000000008FC36000 00005C (v00 LENOVO CB-01    00000001 ACPI 00040000)
[    0.013598] ACPI: SSDT 0x000000008FC35000 000B9F (v02 LENOVO CB-01    00000001 INTL 20160422)
[    0.013602] ACPI: NHLT 0x000000008FC34000 00002D (v00 LENOVO CB-01    00000001      01000013)
[    0.013607] ACPI: ECDT 0x000000008FC33000 000069 (v01 LENOVO CB-01    00000001      01000013)
[    0.013611] ACPI: HPET 0x000000008FC31000 000038 (v01 LENOVO CB-01    00000001      01000013)
[    0.013615] ACPI: APIC 0x000000008FC30000 000164 (v03 LENOVO CB-01    00000001      01000013)
[    0.013619] ACPI: MCFG 0x000000008FC4C000 00003C (v01 LENOVO CB-01    00000001      01000013)
[    0.013623] ACPI: DMAR 0x000000008FBF2000 0000A8 (v01 LENOVO CB-01    00000001      01000013)
[    0.013628] ACPI: SSDT 0x000000008FBF1000 00005C (v02 LENOVO CB-01    00000001 INTL 20160527)
[    0.013632] ACPI: SSDT 0x000000008FBF0000 000164 (v01 LENOVO CB-01    00000001 INTL 20160422)
[    0.013636] ACPI: FPDT 0x000000008FBEF000 000044 (v01 LENOVO CB-01    00000001      01000013)
[    0.013640] ACPI: BGRT 0x000000008FBEE000 000038 (v01 LENOVO CB-01    00000001 ACPI 00040000)
[    0.013644] ACPI: Reserving FACP table memory at [mem 0x8fc32000-0x8fc3210b]
[    0.013646] ACPI: Reserving DSDT table memory at [mem 0x8fbf3000-0x8fc2ef70]
[    0.013648] ACPI: Reserving FACS table memory at [mem 0x8fb8a000-0x8fb8a03f]
[    0.013649] ACPI: Reserving UEFI table memory at [mem 0x8fbcd000-0x8fbcd235]
[    0.013650] ACPI: Reserving SSDT table memory at [mem 0x8fc48000-0x8fc4bc61]
[    0.013651] ACPI: Reserving SSDT table memory at [mem 0x8fc46000-0x8fc47b49]
[    0.013653] ACPI: Reserving SSDT table memory at [mem 0x8fc42000-0x8fc451ca]
[    0.013654] ACPI: Reserving SSDT table memory at [mem 0x8fc41000-0x8fc41459]
[    0.013655] ACPI: Reserving SSDT table memory at [mem 0x8fc40000-0x8fc40045]
[    0.013656] ACPI: Reserving TPM2 table memory at [mem 0x8fc3f000-0x8fc3f033]
[    0.013657] ACPI: Reserving MSDM table memory at [mem 0x8fc3e000-0x8fc3e054]
[    0.013659] ACPI: Reserving LPIT table memory at [mem 0x8fc3d000-0x8fc3d093]
[    0.013660] ACPI: Reserving WSMT table memory at [mem 0x8fc3c000-0x8fc3c027]
[    0.013661] ACPI: Reserving SSDT table memory at [mem 0x8fc3b000-0x8fc3bb6f]
[    0.013662] ACPI: Reserving SSDT table memory at [mem 0x8fc38000-0x8fc3a56e]
[    0.013664] ACPI: Reserving DBGP table memory at [mem 0x8fc37000-0x8fc37033]
[    0.013665] ACPI: Reserving DBG2 table memory at [mem 0x8fc36000-0x8fc3605b]
[    0.013666] ACPI: Reserving SSDT table memory at [mem 0x8fc35000-0x8fc35b9e]
[    0.013667] ACPI: Reserving NHLT table memory at [mem 0x8fc34000-0x8fc3402c]
[    0.013669] ACPI: Reserving ECDT table memory at [mem 0x8fc33000-0x8fc33068]
[    0.013670] ACPI: Reserving HPET table memory at [mem 0x8fc31000-0x8fc31037]
[    0.013671] ACPI: Reserving APIC table memory at [mem 0x8fc30000-0x8fc30163]
[    0.013672] ACPI: Reserving MCFG table memory at [mem 0x8fc4c000-0x8fc4c03b]
[    0.013674] ACPI: Reserving DMAR table memory at [mem 0x8fbf2000-0x8fbf20a7]
[    0.013675] ACPI: Reserving SSDT table memory at [mem 0x8fbf1000-0x8fbf105b]
[    0.013676] ACPI: Reserving SSDT table memory at [mem 0x8fbf0000-0x8fbf0163]
[    0.013677] ACPI: Reserving FPDT table memory at [mem 0x8fbef000-0x8fbef043]
[    0.013679] ACPI: Reserving BGRT table memory at [mem 0x8fbee000-0x8fbee037]
[    0.014084] No NUMA configuration found
[    0.014085] Faking a node at [mem 0x0000000000000000-0x00000002627fffff]
[    0.014103] NODE_DATA(0) allocated [mem 0x2627d5540-0x2627fffff]
[    0.014390] Zone ranges:
[    0.014391]   DMA      [mem 0x0000000000001000-0x0000000000ffffff]
[    0.014394]   DMA32    [mem 0x0000000001000000-0x00000000ffffffff]
[    0.014396]   Normal   [mem 0x0000000100000000-0x00000002627fffff]
[    0.014398]   Device   empty
[    0.014400] Movable zone start for each node
[    0.014403] Early memory node ranges
[    0.014403]   node   0: [mem 0x0000000000001000-0x000000000009efff]
[    0.014406]   node   0: [mem 0x0000000000100000-0x000000007f297fff]
[    0.014407]   node   0: [mem 0x000000007fb98000-0x000000008ddadfff]
[    0.014409]   node   0: [mem 0x000000008fc4e000-0x000000008fc4efff]
[    0.014410]   node   0: [mem 0x0000000100000000-0x00000002627fffff]
[    0.014413] Initmem setup node 0 [mem 0x0000000000001000-0x00000002627fffff]
[    0.014419] On node 0, zone DMA: 1 pages in unavailable ranges
[    0.014447] On node 0, zone DMA: 97 pages in unavailable ranges
[    0.018187] On node 0, zone DMA32: 2304 pages in unavailable ranges
[    0.018318] On node 0, zone DMA32: 7840 pages in unavailable ranges
[    0.027685] On node 0, zone Normal: 945 pages in unavailable ranges
[    0.028050] On node 0, zone Normal: 22528 pages in unavailable ranges
[    0.028075] Reserving Intel graphics memory at [mem 0x99800000-0x9b7fffff]
[    0.028599] ACPI: PM-Timer IO Port: 0x1808
[    0.028612] ACPI: LAPIC_NMI (acpi_id[0x01] high edge lint[0x1])
[    0.028614] ACPI: LAPIC_NMI (acpi_id[0x02] high edge lint[0x1])
[    0.028615] ACPI: LAPIC_NMI (acpi_id[0x03] high edge lint[0x1])
[    0.028617] ACPI: LAPIC_NMI (acpi_id[0x04] high edge lint[0x1])
[    0.028618] ACPI: LAPIC_NMI (acpi_id[0x05] high edge lint[0x1])
[    0.028619] ACPI: LAPIC_NMI (acpi_id[0x06] high edge lint[0x1])
[    0.028620] ACPI: LAPIC_NMI (acpi_id[0x07] high edge lint[0x1])
[    0.028621] ACPI: LAPIC_NMI (acpi_id[0x08] high edge lint[0x1])
[    0.028622] ACPI: LAPIC_NMI (acpi_id[0x09] high edge lint[0x1])
[    0.028623] ACPI: LAPIC_NMI (acpi_id[0x0a] high edge lint[0x1])
[    0.028625] ACPI: LAPIC_NMI (acpi_id[0x0b] high edge lint[0x1])
[    0.028626] ACPI: LAPIC_NMI (acpi_id[0x0c] high edge lint[0x1])
[    0.028627] ACPI: LAPIC_NMI (acpi_id[0x0d] high edge lint[0x1])
[    0.028628] ACPI: LAPIC_NMI (acpi_id[0x0e] high edge lint[0x1])
[    0.028629] ACPI: LAPIC_NMI (acpi_id[0x0f] high edge lint[0x1])
[    0.028630] ACPI: LAPIC_NMI (acpi_id[0x10] high edge lint[0x1])
[    0.028632] ACPI: LAPIC_NMI (acpi_id[0x11] high edge lint[0x1])
[    0.028633] ACPI: LAPIC_NMI (acpi_id[0x12] high edge lint[0x1])
[    0.028634] ACPI: LAPIC_NMI (acpi_id[0x13] high edge lint[0x1])
[    0.028635] ACPI: LAPIC_NMI (acpi_id[0x14] high edge lint[0x1])
[    0.028686] IOAPIC[0]: apic_id 2, version 32, address 0xfec00000, GSI 0-119
[    0.028690] ACPI: INT_SRC_OVR (bus 0 bus_irq 0 global_irq 2 dfl dfl)
[    0.028693] ACPI: INT_SRC_OVR (bus 0 bus_irq 9 global_irq 9 high level)
[    0.028700] ACPI: Using ACPI (MADT) for SMP configuration information
[    0.028701] ACPI: HPET id: 0x8086a201 base: 0xfed00000
[    0.028709] e820: update [mem 0x7b914000-0x7ba07fff] usable ==> reserved
[    0.028727] TSC deadline timer available
[    0.028734] CPU topo: Max. logical packages:   1
[    0.028735] CPU topo: Max. logical dies:       1
[    0.028736] CPU topo: Max. dies per package:   1
[    0.028743] CPU topo: Max. threads per core:   2
[    0.028744] CPU topo: Num. cores per package:     2
[    0.028745] CPU topo: Num. threads per package:   4
[    0.028746] CPU topo: Allowing 4 present CPUs plus 0 hotplug CPUs
[    0.028770] PM: hibernation: Registered nosave memory: [mem 0x00000000-0x00000fff]
[    0.028773] PM: hibernation: Registered nosave memory: [mem 0x0009f000-0x000fffff]
[    0.028776] PM: hibernation: Registered nosave memory: [mem 0x7b914000-0x7ba07fff]
[    0.028779] PM: hibernation: Registered nosave memory: [mem 0x7c5ae000-0x7c5aefff]
[    0.028781] PM: hibernation: Registered nosave memory: [mem 0x7f298000-0x7fb97fff]
[    0.028784] PM: hibernation: Registered nosave memory: [mem 0x8ddae000-0x8fc4dfff]
[    0.028787] PM: hibernation: Registered nosave memory: [mem 0x8fc4f000-0xffffffff]
[    0.028789] [mem 0x9b800000-0xfdffffff] available for PCI devices
[    0.028791] Booting paravirtualized kernel on bare hardware
[    0.028793] clocksource: refined-jiffies: mask: 0xffffffff max_cycles: 0xffffffff, max_idle_ns: 1910969940391419 ns
[    0.028803] setup_percpu: NR_CPUS:8192 nr_cpumask_bits:4 nr_cpu_ids:4 nr_node_ids:1
[    0.029135] percpu: Embedded 88 pages/cpu s237568 r8192 d114688 u524288
[    0.029145] pcpu-alloc: s237568 r8192 d114688 u524288 alloc=1*2097152
[    0.029149] pcpu-alloc: [0] 0 1 2 3 
[    0.029178] Kernel command line: BOOT_IMAGE=/boot/vmlinuz-6.14.0-27-generic root=UUID=2791277a-1b01-4d94-8f51-2b475229ffa7 ro quiet splash vt.handoff=7
[    0.029299] Unknown kernel command line parameters "splash BOOT_IMAGE=/boot/vmlinuz-6.14.0-27-generic", will be passed to user space.
[    0.029336] printk: log buffer data + meta data: 262144 + 917504 = 1179648 bytes
[    0.030130] Dentry cache hash table entries: 1048576 (order: 11, 8388608 bytes, linear)
[    0.030533] Inode-cache hash table entries: 524288 (order: 10, 4194304 bytes, linear)
[    0.030615] Fallback order for Node 0: 0 
[    0.030619] Built 1 zonelists, mobility grouping on.  Total pages: 2030669
[    0.030621] Policy zone: Normal
[    0.030631] mem auto-init: stack:all(zero), heap alloc:on, heap free:off
[    0.030640] software IO TLB: area num 4.
[    0.068330] SLUB: HWalign=64, Order=0-3, MinObjects=0, CPUs=4, Nodes=1
[    0.068381] ftrace: allocating 60343 entries in 236 pages
[    0.105913] ftrace: allocated 236 pages with 5 groups
[    0.107105] Dynamic Preempt: voluntary
[    0.107186] rcu: Preemptible hierarchical RCU implementation.
[    0.107187] rcu: 	RCU restricting CPUs from NR_CPUS=8192 to nr_cpu_ids=4.
[    0.107189] 	Trampoline variant of Tasks RCU enabled.
[    0.107190] 	Rude variant of Tasks RCU enabled.
[    0.107190] 	Tracing variant of Tasks RCU enabled.
[    0.107191] rcu: RCU calculated value of scheduler-enlistment delay is 100 jiffies.
[    0.107192] rcu: Adjusting geometry for rcu_fanout_leaf=16, nr_cpu_ids=4
[    0.107203] RCU Tasks: Setting shift to 2 and lim to 1 rcu_task_cb_adjust=1 rcu_task_cpu_ids=4.
[    0.107205] RCU Tasks Rude: Setting shift to 2 and lim to 1 rcu_task_cb_adjust=1 rcu_task_cpu_ids=4.
[    0.107207] RCU Tasks Trace: Setting shift to 2 and lim to 1 rcu_task_cb_adjust=1 rcu_task_cpu_ids=4.
[    0.113277] NR_IRQS: 524544, nr_irqs: 1024, preallocated irqs: 16
[    0.113625] rcu: srcu_init: Setting srcu_struct sizes based on contention.
[    0.113948] Console: colour dummy device 80x25
[    0.113952] printk: legacy console [tty0] enabled
[    0.114035] ACPI: Core revision 20240827
[    0.114516] hpet: HPET dysfunctional in PC10. Force disabled.
[    0.114564] APIC: Switch to symmetric I/O mode setup
[    0.114567] DMAR: Host address width 39
[    0.114569] DMAR: DRHD base: 0x000000fed90000 flags: 0x0
[    0.114583] DMAR: dmar0: reg_base_addr fed90000 ver 1:0 cap 1c0000c40660462 ecap 19e2ff0505e
[    0.114588] DMAR: DRHD base: 0x000000fed91000 flags: 0x1
[    0.114593] DMAR: dmar1: reg_base_addr fed91000 ver 1:0 cap d2008c40660462 ecap f050da
[    0.114596] DMAR: RMRR base: 0x0000008f0c8000 end: 0x0000008f0e7fff
[    0.114599] DMAR: RMRR base: 0x00000099000000 end: 0x0000009b7fffff
[    0.114602] DMAR-IR: IOAPIC id 2 under DRHD base  0xfed91000 IOMMU 1
[    0.114604] DMAR-IR: HPET id 0 under DRHD base 0xfed91000
[    0.114606] DMAR-IR: Queued invalidation will be enabled to support x2apic and Intr-remapping.
[    0.116780] DMAR-IR: Enabled IRQ remapping in x2apic mode
[    0.116783] x2apic enabled
[    0.116884] APIC: Switched APIC routing to: cluster x2apic
[    0.122449] clocksource: tsc-early: mask: 0xffffffffffffffff max_cycles: 0x257a34a6eea, max_idle_ns: 440795264358 ns
[    0.122457] Calibrating delay loop (skipped), value calculated using timer frequency.. 5199.98 BogoMIPS (lpj=2599992)
[    0.122498] CPU0: Thermal monitoring enabled (TM1)
[    0.122561] Last level iTLB entries: 4KB 64, 2MB 8, 4MB 8
[    0.122564] Last level dTLB entries: 4KB 64, 2MB 32, 4MB 32, 1GB 4
[    0.122568] process: using mwait in idle threads
[    0.122571] Spectre V1 : Mitigation: usercopy/swapgs barriers and __user pointer sanitization
[    0.122576] Spectre V2 : Spectre BHI mitigation: SW BHB clearing on syscall and VM exit
[    0.122577] Spectre V2 : Mitigation: Enhanced / Automatic IBRS
[    0.122578] Spectre V2 : Spectre v2 / PBRSB-eIBRS: Retire a single CALL on VMEXIT
[    0.122580] RETBleed: Mitigation: Enhanced IBRS
[    0.122582] Spectre V2 : mitigation: Enabling conditional Indirect Branch Prediction Barrier
[    0.122585] Speculative Store Bypass: Mitigation: Speculative Store Bypass disabled via prctl
[    0.122592] MMIO Stale Data: Mitigation: Clear CPU buffers
[    0.122597] SRBDS: Mitigation: Microcode
[    0.122605] GDS: Vulnerable
[    0.122612] x86/fpu: Supporting XSAVE feature 0x001: 'x87 floating point registers'
[    0.122615] x86/fpu: Supporting XSAVE feature 0x002: 'SSE registers'
[    0.122616] x86/fpu: Supporting XSAVE feature 0x004: 'AVX registers'
[    0.122618] x86/fpu: Supporting XSAVE feature 0x008: 'MPX bounds registers'
[    0.122619] x86/fpu: Supporting XSAVE feature 0x010: 'MPX CSR'
[    0.122621] x86/fpu: xstate_offset[2]:  576, xstate_sizes[2]:  256
[    0.122624] x86/fpu: xstate_offset[3]:  832, xstate_sizes[3]:   64
[    0.122626] x86/fpu: xstate_offset[4]:  896, xstate_sizes[4]:   64
[    0.122628] x86/fpu: Enabled xstate features 0x1f, context size is 960 bytes, using 'compacted' format.
[    0.123454] Freeing SMP alternatives memory: 48K
[    0.123454] pid_max: default: 32768 minimum: 301
[    0.123454] LSM: initializing lsm=lockdown,capability,landlock,yama,apparmor,ima,evm
[    0.123454] landlock: Up and running.
[    0.123454] Yama: becoming mindful.
[    0.123454] AppArmor: AppArmor initialized
[    0.123454] Mount-cache hash table entries: 16384 (order: 5, 131072 bytes, linear)
[    0.123454] Mountpoint-cache hash table entries: 16384 (order: 5, 131072 bytes, linear)
[    0.123454] smpboot: CPU0: Intel(R) Core(TM) i3-10110U CPU @ 2.10GHz (family: 0x6, model: 0x8e, stepping: 0xc)
[    0.123454] Performance Events: PEBS fmt3+, Skylake events, 32-deep LBR, full-width counters, Intel PMU driver.
[    0.123454] ... version:                4
[    0.123454] ... bit width:              48
[    0.123454] ... generic registers:      4
[    0.123454] ... value mask:             0000ffffffffffff
[    0.123454] ... max period:             00007fffffffffff
[    0.123454] ... fixed-purpose events:   3
[    0.123454] ... event mask:             000000070000000f
[    0.123454] signal: max sigframe size: 2032
[    0.123454] Estimated ratio of average max frequency by base frequency (times 1024): 1457
[    0.126513] rcu: Hierarchical SRCU implementation.
[    0.126516] rcu: 	Max phase no-delay instances is 400.
[    0.126584] Timer migration: 1 hierarchy levels; 8 children per group; 1 crossnode level
[    0.128059] NMI watchdog: Enabled. Permanently consumes one hw-PMU counter.
[    0.128126] smp: Bringing up secondary CPUs ...
[    0.128268] smpboot: x86: Booting SMP configuration:
[    0.128271] .... node  #0, CPUs:      #1
[    0.009596] [Firmware Bug]: TSC ADJUST differs within socket(s), fixing all errors
[    0.130558]  #2 #3
[    0.131476] MMIO Stale Data CPU bug present and SMT on, data leak possible. See https://www.kernel.org/doc/html/latest/admin-guide/hw-vuln/processor_mmio_stale_data.html for more details.
[    0.131524] smp: Brought up 1 node, 4 CPUs
[    0.131524] smpboot: Total of 4 processors activated (20799.93 BogoMIPS)
[    0.132540] Memory: 7774120K/8122676K available (21441K kernel code, 4572K rwdata, 15048K rodata, 5132K init, 4436K bss, 335296K reserved, 0K cma-reserved)
[    0.132812] devtmpfs: initialized
[    0.132812] x86/mm: Memory block size: 128MB
[    0.134192] ACPI: PM: Registering ACPI NVS region [mem 0x8f2ce000-0x8fbcdfff] (9437184 bytes)
[    0.134192] clocksource: jiffies: mask: 0xffffffff max_cycles: 0xffffffff, max_idle_ns: 1911260446275000 ns
[    0.134192] futex hash table entries: 1024 (order: 4, 65536 bytes, linear)
[    0.134531] pinctrl core: initialized pinctrl subsystem
[    0.134864] PM: RTC time: 17:14:09, date: 2026-02-20
[    0.135551] NET: Registered PF_NETLINK/PF_ROUTE protocol family
[    0.135811] DMA: preallocated 1024 KiB GFP_KERNEL pool for atomic allocations
[    0.135891] DMA: preallocated 1024 KiB GFP_KERNEL|GFP_DMA pool for atomic allocations
[    0.135970] DMA: preallocated 1024 KiB GFP_KERNEL|GFP_DMA32 pool for atomic allocations
[    0.135992] audit: initializing netlink subsys (disabled)
[    0.136014] audit: type=2000 audit(1771607649.013:1): state=initialized audit_enabled=0 res=1
[    0.136014] thermal_sys: Registered thermal governor 'fair_share'
[    0.136014] thermal_sys: Registered thermal governor 'bang_bang'
[    0.136014] thermal_sys: Registered thermal governor 'step_wise'
[    0.136014] thermal_sys: Registered thermal governor 'user_space'
[    0.136014] thermal_sys: Registered thermal governor 'power_allocator'
[    0.136014] cpuidle: using governor ladder
[    0.136014] cpuidle: using governor menu
[    0.136014] ACPI FADT declares the system doesn't support PCIe ASPM, so disable it
[    0.136014] acpiphp: ACPI Hot Plug PCI Controller Driver version: 0.5
[    0.136548] PCI: ECAM [mem 0xe0000000-0xefffffff] (base 0xe0000000) for domain 0000 [bus 00-ff]
[    0.136567] PCI: Using configuration type 1 for base access
[    0.136685] kprobes: kprobe jump-optimization is enabled. All kprobes are optimized if possible.
[    0.136685] HugeTLB: registered 1.00 GiB page size, pre-allocated 0 pages
[    0.136685] HugeTLB: 16380 KiB vmemmap can be freed for a 1.00 GiB page
[    0.136685] HugeTLB: registered 2.00 MiB page size, pre-allocated 0 pages
[    0.136685] HugeTLB: 28 KiB vmemmap can be freed for a 2.00 MiB page
[    0.137714] ACPI: Added _OSI(Module Device)
[    0.137718] ACPI: Added _OSI(Processor Device)
[    0.137721] ACPI: Added _OSI(3.0 _SCP Extensions)
[    0.137724] ACPI: Added _OSI(Processor Aggregator Device)
[    0.222223] ACPI: 11 ACPI AML tables successfully acquired and loaded
[    0.224546] ACPI: EC: EC started
[    0.224548] ACPI: EC: interrupt blocked
[    0.225628] ACPI: EC: EC_CMD/EC_SC=0x66, EC_DATA=0x62
[    0.225631] ACPI: EC: Boot ECDT EC used to handle transactions
[    0.232171] ACPI: Dynamic OEM Table Load:
[    0.232186] ACPI: SSDT 0xFFFF9A40419C4C00 000400 (v02 PmRef  Cpu0Cst  00003001 INTL 20160422)
[    0.234114] ACPI: Dynamic OEM Table Load:
[    0.234127] ACPI: SSDT 0xFFFF9A4041630800 000605 (v02 PmRef  Cpu0Ist  00003000 INTL 20160422)
[    0.235934] ACPI: Dynamic OEM Table Load:
[    0.235944] ACPI: SSDT 0xFFFF9A4040C74600 0000F4 (v02 PmRef  Cpu0Psd  00003000 INTL 20160422)
[    0.238046] ACPI: Dynamic OEM Table Load:
[    0.238058] ACPI: SSDT 0xFFFF9A4041632000 000778 (v02 PmRef  ApIst    00003000 INTL 20160422)
[    0.239973] ACPI: Dynamic OEM Table Load:
[    0.239985] ACPI: SSDT 0xFFFF9A40419C7C00 0003D7 (v02 PmRef  ApHwp    00003000 INTL 20160422)
[    0.241888] ACPI: Dynamic OEM Table Load:
[    0.241901] ACPI: SSDT 0xFFFF9A4041811000 000D74 (v02 PmRef  ApPsd    00003000 INTL 20160422)
[    0.244847] ACPI: Dynamic OEM Table Load:
[    0.244857] ACPI: SSDT 0xFFFF9A40419C4800 0003CA (v02 PmRef  ApCst    00003000 INTL 20160422)
[    0.248185] ACPI: Interpreter enabled
[    0.248251] ACPI: PM: (supports S0 S3 S4 S5)
[    0.248253] ACPI: Using IOAPIC for interrupt routing
[    0.250554] PCI: Using host bridge windows from ACPI; if necessary, use "pci=nocrs" and report a bug
[    0.250557] PCI: Ignoring E820 reservations for host bridge windows
[    0.251326] ACPI: Enabled 7 GPEs in block 00 to 7F
[    0.260025] ACPI: \_SB_.PCI0.XDCI.USBC: New power resource
[    0.275534] ACPI: \_SB_.PCI0.SAT0.VOL0.V0PR: New power resource
[    0.275826] ACPI: \_SB_.PCI0.SAT0.VOL1.V1PR: New power resource
[    0.276112] ACPI: \_SB_.PCI0.SAT0.VOL2.V2PR: New power resource
[    0.280172] ACPI: \_SB_.PCI0.CNVW.WRST: New power resource
[    0.280734] acpi ABCD0000:00: ACPI dock station (docks/bays count: 1)
[    0.284435] ACPI: \PIN_: New power resource
[    0.285112] ACPI: PCI Root Bridge [PCI0] (domain 0000 [bus 00-fe])
[    0.285122] acpi PNP0A08:00: _OSC: OS supports [ExtendedConfig ASPM ClockPM Segments MSI EDR HPX-Type3]
[    0.288088] acpi PNP0A08:00: _OSC: OS now controls [PCIeHotplug SHPCHotplug PME AER PCIeCapability LTR DPC]
[    0.288091] acpi PNP0A08:00: FADT indicates ASPM is unsupported, using BIOS configuration
[    0.292457] PCI host bridge to bus 0000:00
[    0.292464] pci_bus 0000:00: root bus resource [io  0x0000-0x0cf7 window]
[    0.292467] pci_bus 0000:00: root bus resource [io  0x0d00-0xffff window]
[    0.292470] pci_bus 0000:00: root bus resource [mem 0x000a0000-0x000bffff window]
[    0.292472] pci_bus 0000:00: root bus resource [mem 0x9b800000-0xdfffffff window]
[    0.292474] pci_bus 0000:00: root bus resource [mem 0xfc800000-0xfe7fffff window]
[    0.292477] pci_bus 0000:00: root bus resource [bus 00-fe]
[    0.292518] pci 0000:00:00.0: [8086:9b71] type 00 class 0x060000 conventional PCI endpoint
[    0.292644] pci 0000:00:02.0: [8086:9b41] type 00 class 0x030000 PCIe Root Complex Integrated Endpoint
[    0.292666] pci 0000:00:02.0: BAR 0 [mem 0xb0000000-0xb0ffffff 64bit]
[    0.292670] pci 0000:00:02.0: BAR 2 [mem 0xa0000000-0xafffffff 64bit pref]
[    0.292673] pci 0000:00:02.0: BAR 4 [io  0x3000-0x303f]
[    0.292689] pci 0000:00:02.0: DMAR: Disabling IOMMU for graphics on this chipset
[    0.292693] pci 0000:00:02.0: Video device with shadowed ROM at [mem 0x000c0000-0x000dffff]
[    0.292987] pci 0000:00:04.0: [8086:1903] type 00 class 0x118000 conventional PCI endpoint
[    0.293012] pci 0000:00:04.0: BAR 0 [mem 0xb1210000-0xb1217fff 64bit]
[    0.293436] pci 0000:00:08.0: [8086:1911] type 00 class 0x088000 conventional PCI endpoint
[    0.293461] pci 0000:00:08.0: BAR 0 [mem 0xb1224000-0xb1224fff 64bit]
[    0.293609] pci 0000:00:12.0: [8086:02f9] type 00 class 0x118000 conventional PCI endpoint
[    0.293660] pci 0000:00:12.0: BAR 0 [mem 0xb1225000-0xb1225fff 64bit]
[    0.293831] pci 0000:00:14.0: [8086:02ed] type 00 class 0x0c0330 conventional PCI endpoint
[    0.293875] pci 0000:00:14.0: BAR 0 [mem 0xb1200000-0xb120ffff 64bit]
[    0.293926] pci 0000:00:14.0: PME# supported from D3hot D3cold
[    0.294586] pci 0000:00:14.2: [8086:02ef] type 00 class 0x050000 conventional PCI endpoint
[    0.294636] pci 0000:00:14.2: BAR 0 [mem 0xb1220000-0xb1221fff 64bit]
[    0.294643] pci 0000:00:14.2: BAR 2 [mem 0xb1226000-0xb1226fff 64bit]
[    0.294810] pci 0000:00:14.3: [8086:02f0] type 00 class 0x028000 PCIe Root Complex Integrated Endpoint
[    0.294873] pci 0000:00:14.3: BAR 0 [mem 0xb1218000-0xb121bfff 64bit]
[    0.294981] pci 0000:00:14.3: PME# supported from D0 D3hot D3cold
[    0.295357] pci 0000:00:15.0: [8086:02e8] type 00 class 0x0c8000 conventional PCI endpoint
[    0.295413] pci 0000:00:15.0: BAR 0 [mem 0x00000000-0x00000fff 64bit]
[    0.305914] pci 0000:00:16.0: [8086:02e0] type 00 class 0x078000 conventional PCI endpoint
[    0.305969] pci 0000:00:16.0: BAR 0 [mem 0xb1228000-0xb1228fff 64bit]
[    0.306039] pci 0000:00:16.0: PME# supported from D3hot
[    0.306886] pci 0000:00:17.0: [8086:02d3] type 00 class 0x010601 conventional PCI endpoint
[    0.306929] pci 0000:00:17.0: BAR 0 [mem 0xb1222000-0xb1223fff]
[    0.306935] pci 0000:00:17.0: BAR 1 [mem 0xb122f000-0xb122f0ff]
[    0.306940] pci 0000:00:17.0: BAR 2 [io  0x3080-0x3087]
[    0.306945] pci 0000:00:17.0: BAR 3 [io  0x3088-0x308b]
[    0.306950] pci 0000:00:17.0: BAR 4 [io  0x3060-0x307f]
[    0.306956] pci 0000:00:17.0: BAR 5 [mem 0xb122e000-0xb122e7ff]
[    0.307010] pci 0000:00:17.0: PME# supported from D3hot
[    0.307647] pci 0000:00:19.0: [8086:02c5] type 00 class 0x0c8000 conventional PCI endpoint
[    0.307704] pci 0000:00:19.0: BAR 0 [mem 0x00000000-0x00000fff 64bit]
[    0.317597] pci 0000:00:19.2: [8086:02c7] type 00 class 0x078000 conventional PCI endpoint
[    0.317655] pci 0000:00:19.2: BAR 0 [mem 0xb122a000-0xb122afff 64bit]
[    0.317662] pci 0000:00:19.2: BAR 2 [mem 0xb122b000-0xb122bfff 64bit]
[    0.318281] pci 0000:00:1d.0: [8086:02b4] type 01 class 0x060400 PCIe Root Port
[    0.318321] pci 0000:00:1d.0: PCI bridge to [bus 01]
[    0.318330] pci 0000:00:1d.0:   bridge window [mem 0xb1100000-0xb11fffff]
[    0.318429] pci 0000:00:1d.0: PME# supported from D0 D3hot D3cold
[    0.318497] pci 0000:00:1d.0: PTM enabled (root), 4ns granularity
[    0.319702] pci 0000:00:1f.0: [8086:0284] type 00 class 0x060100 conventional PCI endpoint
[    0.320362] pci 0000:00:1f.3: [8086:02c8] type 00 class 0x040380 conventional PCI endpoint
[    0.320492] pci 0000:00:1f.3: BAR 0 [mem 0xb121c000-0xb121ffff 64bit]
[    0.320509] pci 0000:00:1f.3: BAR 4 [mem 0xb1000000-0xb10fffff 64bit]
[    0.320639] pci 0000:00:1f.3: PME# supported from D3hot D3cold
[    0.322046] pci 0000:00:1f.4: [8086:02a3] type 00 class 0x0c0500 conventional PCI endpoint
[    0.322100] pci 0000:00:1f.4: BAR 0 [mem 0xb122c000-0xb122c0ff 64bit]
[    0.322113] pci 0000:00:1f.4: BAR 4 [io  0x3040-0x305f]
[    0.322550] pci 0000:00:1f.5: [8086:02a4] type 00 class 0x0c8000 conventional PCI endpoint
[    0.322601] pci 0000:00:1f.5: BAR 0 [mem 0xfe010000-0xfe010fff]
[    0.323008] pci 0000:01:00.0: [126f:2263] type 00 class 0x010802 PCIe Endpoint
[    0.323065] pci 0000:01:00.0: BAR 0 [mem 0xb1100000-0xb1103fff 64bit]
[    0.323503] pci 0000:00:1d.0: PCI bridge to [bus 01]
[    0.328669] ACPI: EC: interrupt unblocked
[    0.328672] ACPI: EC: event unblocked
[    0.328695] ACPI: EC: EC_CMD/EC_SC=0x66, EC_DATA=0x62
[    0.328697] ACPI: EC: GPE=0x50
[    0.328699] ACPI: \_SB_.PCI0.LPCB.EC0_: Boot ECDT EC initialization complete
[    0.328703] ACPI: \_SB_.PCI0.LPCB.EC0_: EC: Used to handle transactions and events
[    0.328801] iommu: Default domain type: Translated
[    0.328801] iommu: DMA domain TLB invalidation policy: lazy mode
[    0.328801] SCSI subsystem initialized
[    0.328801] libata version 3.00 loaded.
[    0.328801] ACPI: bus type USB registered
[    0.328801] usbcore: registered new interface driver usbfs
[    0.328801] usbcore: registered new interface driver hub
[    0.328801] usbcore: registered new device driver usb
[    0.328801] pps_core: LinuxPPS API ver. 1 registered
[    0.328801] pps_core: Software ver. 5.3.6 - Copyright 2005-2007 Rodolfo Giometti <giometti@linux.it>
[    0.328801] PTP clock support registered
[    0.328801] EDAC MC: Ver: 3.0.0
[    0.329929] efivars: Registered efivars operations
[    0.330505] NetLabel: Initializing
[    0.330508] NetLabel:  domain hash size = 128
[    0.330510] NetLabel:  protocols = UNLABELED CIPSOv4 CALIPSO
[    0.330535] NetLabel:  unlabeled traffic allowed by default
[    0.330558] mctp: management component transport protocol core
[    0.330558] NET: Registered PF_MCTP protocol family
[    0.330558] PCI: Using ACPI for IRQ routing
[    0.373662] PCI: pci_cache_line_size set to 64 bytes
[    0.373881] e820: reserve RAM buffer [mem 0x0009f000-0x0009ffff]
[    0.373884] e820: reserve RAM buffer [mem 0x7b914000-0x7bffffff]
[    0.373886] e820: reserve RAM buffer [mem 0x7c222018-0x7fffffff]
[    0.373888] e820: reserve RAM buffer [mem 0x7c5ae000-0x7fffffff]
[    0.373890] e820: reserve RAM buffer [mem 0x7f298000-0x7fffffff]
[    0.373892] e820: reserve RAM buffer [mem 0x8ddae000-0x8fffffff]
[    0.373894] e820: reserve RAM buffer [mem 0x8fc4f000-0x8fffffff]
[    0.373895] e820: reserve RAM buffer [mem 0x262800000-0x263ffffff]
[    0.373951] pci 0000:00:02.0: vgaarb: setting as boot VGA device
[    0.373951] pci 0000:00:02.0: vgaarb: bridge control possible
[    0.373951] pci 0000:00:02.0: vgaarb: VGA device added: decodes=io+mem,owns=io+mem,locks=none
[    0.373951] vgaarb: loaded
[    0.373951] clocksource: Switched to clocksource tsc-early
[    0.374406] VFS: Disk quotas dquot_6.6.0
[    0.374428] VFS: Dquot-cache hash table entries: 512 (order 0, 4096 bytes)
[    0.374628] AppArmor: AppArmor Filesystem Enabled
[    0.374677] pnp: PnP ACPI init
[    0.374824] system 00:00: [mem 0x40000000-0x403fffff] could not be reserved
[    0.375185] system 00:01: [io  0x1800-0x18fe] has been reserved
[    0.375190] system 00:01: [mem 0xfd000000-0xfd69ffff] has been reserved
[    0.375193] system 00:01: [mem 0xfd6b0000-0xfd6cffff] has been reserved
[    0.375196] system 00:01: [mem 0xfd6f0000-0xfdffffff] has been reserved
[    0.375198] system 00:01: [mem 0xfe000000-0xfe01ffff] could not be reserved
[    0.375201] system 00:01: [mem 0xfe200000-0xfe7fffff] has been reserved
[    0.375203] system 00:01: [mem 0xff000000-0xffffffff] has been reserved
[    0.375658] system 00:02: [io  0x2000-0x20fe] has been reserved
[    0.375957] system 00:03: [io  0x0680-0x069f] has been reserved
[    0.375961] system 00:03: [io  0x164e-0x164f] has been reserved
[    0.376132] system 00:04: [io  0x1854-0x1857] has been reserved
[    0.376787] system 00:06: [mem 0xfed10000-0xfed17fff] has been reserved
[    0.376791] system 00:06: [mem 0xfed18000-0xfed18fff] has been reserved
[    0.376794] system 00:06: [mem 0xfed19000-0xfed19fff] has been reserved
[    0.376796] system 00:06: [mem 0xe0000000-0xefffffff] has been reserved
[    0.376799] system 00:06: [mem 0xfed20000-0xfed3ffff] has been reserved
[    0.376801] system 00:06: [mem 0xfed90000-0xfed93fff] could not be reserved
[    0.376804] system 00:06: [mem 0xfed45000-0xfed8ffff] could not be reserved
[    0.376806] system 00:06: [mem 0xfee00000-0xfeefffff] could not be reserved
[    0.377201] system 00:07: [mem 0xfe038000-0xfe038fff] has been reserved
[    0.377477] pnp: PnP ACPI: found 8 devices
[    0.384297] clocksource: acpi_pm: mask: 0xffffff max_cycles: 0xffffff, max_idle_ns: 2085701024 ns
[    0.384380] NET: Registered PF_INET protocol family
[    0.384486] IP idents hash table entries: 131072 (order: 8, 1048576 bytes, linear)
[    0.406922] tcp_listen_portaddr_hash hash table entries: 4096 (order: 4, 65536 bytes, linear)
[    0.406960] Table-perturb hash table entries: 65536 (order: 6, 262144 bytes, linear)
[    0.407030] TCP established hash table entries: 65536 (order: 7, 524288 bytes, linear)
[    0.407243] TCP bind hash table entries: 65536 (order: 9, 2097152 bytes, linear)
[    0.407579] TCP: Hash tables configured (established 65536 bind 65536)
[    0.407669] MPTCP token hash table entries: 8192 (order: 5, 196608 bytes, linear)
[    0.407717] UDP hash table entries: 4096 (order: 6, 262144 bytes, linear)
[    0.407773] UDP-Lite hash table entries: 4096 (order: 6, 262144 bytes, linear)
[    0.407866] NET: Registered PF_UNIX/PF_LOCAL protocol family
[    0.407875] NET: Registered PF_XDP protocol family
[    0.407892] pci 0000:00:15.0: BAR 0 [mem 0x9b800000-0x9b800fff 64bit]: assigned
[    0.407920] pci 0000:00:19.0: BAR 0 [mem 0x9b801000-0x9b801fff 64bit]: assigned
[    0.407937] pci 0000:00:1d.0: PCI bridge to [bus 01]
[    0.407944] pci 0000:00:1d.0:   bridge window [mem 0xb1100000-0xb11fffff]
[    0.407955] pci_bus 0000:00: resource 4 [io  0x0000-0x0cf7 window]
[    0.407958] pci_bus 0000:00: resource 5 [io  0x0d00-0xffff window]
[    0.407961] pci_bus 0000:00: resource 6 [mem 0x000a0000-0x000bffff window]
[    0.407963] pci_bus 0000:00: resource 7 [mem 0x9b800000-0xdfffffff window]
[    0.407965] pci_bus 0000:00: resource 8 [mem 0xfc800000-0xfe7fffff window]
[    0.407968] pci_bus 0000:01: resource 1 [mem 0xb1100000-0xb11fffff]
[    0.410085] PCI: CLS 64 bytes, default 64
[    0.410138] DMAR: No ATSR found
[    0.410140] DMAR: No SATC found
[    0.410143] DMAR: dmar1: Using Queued invalidation
[    0.410218] Trying to unpack rootfs image as initramfs...
[    0.410278] pci 0000:00:00.0: Adding to iommu group 0
[    0.410299] pci 0000:00:04.0: Adding to iommu group 1
[    0.410320] pci 0000:00:08.0: Adding to iommu group 2
[    0.410346] pci 0000:00:12.0: Adding to iommu group 3
[    0.410377] pci 0000:00:14.0: Adding to iommu group 4
[    0.410395] pci 0000:00:14.2: Adding to iommu group 4
[    0.410415] pci 0000:00:14.3: Adding to iommu group 5
[    0.410444] pci 0000:00:15.0: Adding to iommu group 6
[    0.410468] pci 0000:00:16.0: Adding to iommu group 7
[    0.410486] pci 0000:00:17.0: Adding to iommu group 8
[    0.410516] pci 0000:00:19.0: Adding to iommu group 9
[    0.410535] pci 0000:00:19.2: Adding to iommu group 9
[    0.410566] pci 0000:00:1d.0: Adding to iommu group 10
[    0.410617] pci 0000:00:1f.0: Adding to iommu group 11
[    0.410639] pci 0000:00:1f.3: Adding to iommu group 11
[    0.410658] pci 0000:00:1f.4: Adding to iommu group 11
[    0.410676] pci 0000:00:1f.5: Adding to iommu group 11
[    0.410706] pci 0000:01:00.0: Adding to iommu group 12
[    0.411850] DMAR: Intel(R) Virtualization Technology for Directed I/O
[    0.411855] PCI-DMA: Using software bounce buffering for IO (SWIOTLB)
[    0.411857] software IO TLB: mapped [mem 0x00000000893f4000-0x000000008d3f4000] (64MB)
[    0.412689] platform rtc_cmos: registered platform RTC device (no PNP device found)
[    0.412713] sgx: EPC section 0x90200000-0x95ffffff
[    0.413224] sgx: SGX disabled: SGX launch control CPU feature is not available, /dev/sgx_enclave disabled.
[    0.450912] Initialise system trusted keyrings
[    0.450927] Key type blacklist registered
[    0.451026] workingset: timestamp_bits=36 max_order=21 bucket_order=0
[    0.451053] zbud: loaded
[    0.451416] squashfs: version 4.0 (2009/01/31) Phillip Lougher
[    0.451576] fuse: init (API version 7.42)
[    0.451750] integrity: Platform Keyring initialized
[    0.451757] integrity: Machine keyring initialized
[    0.468681] Key type asymmetric registered
[    0.468686] Asymmetric key parser 'x509' registered
[    0.468722] Block layer SCSI generic (bsg) driver version 0.4 loaded (major 243)
[    0.468805] io scheduler mq-deadline registered
[    0.471671] ledtrig-cpu: registered to indicate activity on CPUs
[    0.472104] pcieport 0000:00:1d.0: PME: Signaling with IRQ 121
[    0.472293] shpchp: Standard Hot Plug PCI Controller Driver version: 0.4
[    0.475043] ACPI: AC: AC Adapter [ADP0] (on-line)
[    0.475129] input: Lid Switch as /devices/LNXSYSTM:00/LNXSYBUS:00/PNP0C0D:00/input/input0
[    0.475155] ACPI: button: Lid Switch [LID0]
[    0.475190] input: Power Button as /devices/LNXSYSTM:00/LNXSYBUS:00/PNP0C0C:00/input/input1
[    0.475213] ACPI: button: Power Button [PWRB]
[    0.475250] input: Power Button as /devices/LNXSYSTM:00/LNXPWRBN:00/input/input2
[    0.475330] ACPI: button: Power Button [PWRF]
[    0.476433] Serial: 8250/16550 driver, 32 ports, IRQ sharing enabled
[    0.479719] hpet_acpi_add: no address or irqs in _CRS
[    0.479757] Linux agpgart interface v0.103
[    0.487770] loop: module loaded
[    0.488277] ACPI: bus type drm_connector registered
[    0.488745] tun: Universal TUN/TAP device driver, 1.6
[    0.488875] PPP generic driver version 2.4.2
[    0.489425] xhci_hcd 0000:00:14.0: xHCI Host Controller
[    0.489439] xhci_hcd 0000:00:14.0: new USB bus registered, assigned bus number 1
[    0.490674] xhci_hcd 0000:00:14.0: hcc params 0x200077c1 hci version 0x110 quirks 0x0000000000009810
[    0.491115] xhci_hcd 0000:00:14.0: xHCI Host Controller
[    0.491124] xhci_hcd 0000:00:14.0: new USB bus registered, assigned bus number 2
[    0.491130] xhci_hcd 0000:00:14.0: Host supports USB 3.1 Enhanced SuperSpeed
[    0.491205] usb usb1: New USB device found, idVendor=1d6b, idProduct=0002, bcdDevice= 6.14
[    0.491211] usb usb1: New USB device strings: Mfr=3, Product=2, SerialNumber=1
[    0.491214] usb usb1: Product: xHCI Host Controller
[    0.491217] usb usb1: Manufacturer: Linux 6.14.0-27-generic xhci-hcd
[    0.491221] usb usb1: SerialNumber: 0000:00:14.0
[    0.491456] hub 1-0:1.0: USB hub found
[    0.491487] hub 1-0:1.0: 12 ports detected
[    0.492286] usb usb2: New USB device found, idVendor=1d6b, idProduct=0003, bcdDevice= 6.14
[    0.492292] usb usb2: New USB device strings: Mfr=3, Product=2, SerialNumber=1
[    0.492296] usb usb2: Product: xHCI Host Controller
[    0.492300] usb usb2: Manufacturer: Linux 6.14.0-27-generic xhci-hcd
[    0.492304] usb usb2: SerialNumber: 0000:00:14.0
[    0.492520] hub 2-0:1.0: USB hub found
[    0.492541] hub 2-0:1.0: 6 ports detected
[    0.493082] i8042: PNP: PS/2 Controller [PNP0303:PS2K] at 0x60,0x64 irq 1
[    0.493089] i8042: PNP: PS/2 appears to have AUX port disabled, if this is incorrect please boot with i8042.nopnp
[    0.496911] serio: i8042 KBD port at 0x60,0x64 irq 1
[    0.497198] mousedev: PS/2 mouse device common for all mice
[    0.497766] rtc_cmos rtc_cmos: RTC can wake from S4
[    0.499046] rtc_cmos rtc_cmos: registered as rtc0
[    0.499327] rtc_cmos rtc_cmos: setting system clock to 2026-02-20T17:14:10 UTC (1771607650)
[    0.499386] rtc_cmos rtc_cmos: alarms up to one month, y3k, 114 bytes nvram
[    0.499408] i2c_dev: i2c /dev entries driver
[    0.499796] device-mapper: core: CONFIG_IMA_DISABLE_HTABLE is disabled. Duplicate IMA measurements will not be recorded in the IMA log.
[    0.499821] device-mapper: uevent: version 1.0.3
[    0.499902] device-mapper: ioctl: 4.49.0-ioctl (2025-01-17) initialised: dm-devel@lists.linux.dev
[    0.499910] intel_pstate: Intel P-state driver initializing
[    0.500096] intel_pstate: HWP enabled
[    0.500327] simple-framebuffer simple-framebuffer.0: [drm] Registered 1 planes with drm panic
[    0.500331] [drm] Initialized simpledrm 1.0.0 for simple-framebuffer.0 on minor 0
[    0.501969] input: AT Translated Set 2 keyboard as /devices/platform/i8042/serio0/input/input3
[    0.502622] fbcon: Deferring console take-over
[    0.502627] simple-framebuffer simple-framebuffer.0: [drm] fb0: simpledrmdrmfb frame buffer device
[    0.502820] drop_monitor: Initializing network drop monitor service
[    0.502978] NET: Registered PF_INET6 protocol family
[    0.542277] ACPI: battery: Slot [BAT0] (battery present)
[    0.568712] Freeing initrd memory: 71068K
[    0.575574] Segment Routing with IPv6
[    0.575595] In-situ OAM (IOAM) with IPv6
[    0.575641] NET: Registered PF_PACKET protocol family
[    0.575739] Key type dns_resolver registered
[    0.576087] ENERGY_PERF_BIAS: Set to 'normal', was 'performance'
[    0.576164] microcode: Current revision: 0x00000100
[    0.576167] microcode: Updated early from: 0x000000f4
[    0.576281] IPI shorthand broadcast: enabled
[    0.578514] sched_clock: Marking stable (569001751, 8596116)->(638819836, -61221969)
[    0.578711] registered taskstats version 1
[    0.579016] Loading compiled-in X.509 certificates
[    0.579819] Loaded X.509 cert 'Build time autogenerated kernel key: b72185e7da5a2807c98fd54db84f90ec0625b589'
[    0.580494] Loaded X.509 cert 'Canonical Ltd. Live Patch Signing 2025 Kmod: d541cef61dc7e793b7eb7e899970a2eef0b5dc8c'
[    0.581171] Loaded X.509 cert 'Canonical Ltd. Live Patch Signing: 14df34d1a87cf37625abec039ef2bf521249b969'
[    0.581850] Loaded X.509 cert 'Canonical Ltd. Kernel Module Signing: 88f752e560a1e0737e31163a466ad7b70a850c19'
[    0.581853] blacklist: Loading compiled-in revocation X.509 certificates
[    0.581877] Loaded X.509 cert 'Canonical Ltd. Secure Boot Signing: 61482aa2830d0ab2ad5af10b7250da9033ddcef0'
[    0.581898] Loaded X.509 cert 'Canonical Ltd. Secure Boot Signing (2017): 242ade75ac4a15e50d50c84b0d45ff3eae707a03'
[    0.581918] Loaded X.509 cert 'Canonical Ltd. Secure Boot Signing (ESM 2018): 365188c1d374d6b07c3c8f240f8ef722433d6a8b'
[    0.581938] Loaded X.509 cert 'Canonical Ltd. Secure Boot Signing (2019): c0746fd6c5da3ae827864651ad66ae47fe24b3e8'
[    0.581956] Loaded X.509 cert 'Canonical Ltd. Secure Boot Signing (2021 v1): a8d54bbb3825cfb94fa13c9f8a594a195c107b8d'
[    0.581975] Loaded X.509 cert 'Canonical Ltd. Secure Boot Signing (2021 v2): 4cf046892d6fd3c9a5b03f98d845f90851dc6a8c'
[    0.581993] Loaded X.509 cert 'Canonical Ltd. Secure Boot Signing (2021 v3): 100437bb6de6e469b581e61cd66bce3ef4ed53af'
[    0.582011] Loaded X.509 cert 'Canonical Ltd. Secure Boot Signing (Ubuntu Core 2019): c1d57b8f6b743f23ee41f4f7ee292f06eecadfb9'
[    0.587023] Demotion targets for Node 0: null
[    0.587152] Key type .fscrypt registered
[    0.587155] Key type fscrypt-provisioning registered
[    0.587223] Key type trusted registered
[    0.602813] Key type encrypted registered
[    0.602821] AppArmor: AppArmor sha256 policy hashing enabled
[    0.604997] integrity: Loading X.509 certificate: UEFI:db
[    0.605057] integrity: Loaded X.509 cert 'Microsoft Windows Production PCA 2011: a92902398e16c49778cd90f99e4f9ae17c55af53'
[    0.605059] integrity: Loading X.509 certificate: UEFI:db
[    0.605087] integrity: Loaded X.509 cert 'Microsoft Corporation UEFI CA 2011: 13adbf4309bd82709c8cd54f316ed522988a1bd4'
[    0.605089] integrity: Loading X.509 certificate: UEFI:db
[    0.605107] integrity: Loaded X.509 cert 'DXGSx52: 8168df22d366d8a74e0170d67e6a03b7'
[    0.605108] integrity: Loading X.509 certificate: UEFI:db
[    0.605111] integrity: Problem loading X.509 certificate -65
[    0.605113] integrity: Error adding keys to platform keyring UEFI:db
[    0.611452] Loading compiled-in module X.509 certificates
[    0.612173] Loaded X.509 cert 'Build time autogenerated kernel key: b72185e7da5a2807c98fd54db84f90ec0625b589'
[    0.612177] ima: Allocated hash algorithm: sha256
[    0.629414] ima: No architecture policies found
[    0.629441] evm: Initialising EVM extended attributes:
[    0.629442] evm: security.selinux
[    0.629444] evm: security.SMACK64
[    0.629445] evm: security.SMACK64EXEC
[    0.629446] evm: security.SMACK64TRANSMUTE
[    0.629447] evm: security.SMACK64MMAP
[    0.629449] evm: security.apparmor
[    0.629450] evm: security.ima
[    0.629451] evm: security.capability
[    0.629452] evm: HMAC attrs: 0x1
[    0.629959] PM:   Magic number: 14:449:239
[    0.630009] acpi device:82: hash matches
[    0.636202] RAS: Correctable Errors collector initialized.
[    0.659507] clk: Disabling unused clocks
[    0.659512] PM: genpd: Disabling unused power domains
[    0.661022] Freeing unused decrypted memory: 2028K
[    0.662057] Freeing unused kernel image (initmem) memory: 5132K
[    0.662082] Write protecting the kernel read-only data: 38912k
[    0.662800] Freeing unused kernel image (text/rodata gap) memory: 1084K
[    0.663312] Freeing unused kernel image (rodata/data gap) memory: 1336K
[    0.685705] x86/mm: Checked W+X mappings: passed, no W+X pages found.
[    0.685732] Run /init as init process
[    0.685736]   with arguments:
[    0.685739]     /init
[    0.685741]     splash
[    0.685743]   with environment:
[    0.685744]     HOME=/
[    0.685746]     TERM=linux
[    0.685747]     BOOT_IMAGE=/boot/vmlinuz-6.14.0-27-generic
[    0.736635] usb 1-7: new high-speed USB device number 2 using xhci_hcd
[    0.868096] hid: raw HID events driver (C) Jiri Kosina
[    0.871129] usb 1-7: New USB device found, idVendor=5986, idProduct=2130, bcdDevice=56.13
[    0.871138] usb 1-7: New USB device strings: Mfr=1, Product=2, SerialNumber=0
[    0.871142] usb 1-7: Product: Integrated Camera
[    0.871146] usb 1-7: Manufacturer: SunplusIT Inc
[    0.877994] wmi_bus wmi_bus-PNP0C14:01: [Firmware Bug]: WMSK method block execution control method not found
[    0.880531] intel-lpss 0000:00:15.0: enabling device (0004 -> 0006)
[    0.881390] ahci 0000:00:17.0: version 3.0
[    0.886592] idma64 idma64.0: Found Intel integrated DMA 64-bit
[    0.891882] ahci 0000:00:17.0: AHCI vers 0001.0301, 32 command slots, 6 Gbps, SATA mode
[    0.891890] ahci 0000:00:17.0: 1/1 ports implemented (port mask 0x1)
[    0.891892] ahci 0000:00:17.0: flags: 64bit ncq sntf pm clo only pio slum part deso sadm sds apst 
[    0.894309] i2c_designware i2c_designware.0: [Firmware Bug]: DSDT uses known not-working I2C bus speed 400000, forcing it to 100000
[    0.897025] scsi host0: ahci
[    0.897176] ata1: SATA max UDMA/133 abar m2048@0xb122e000 port 0xb122e100 irq 127 lpm-pol 3
[    0.897419] intel-lpss 0000:00:19.0: enabling device (0004 -> 0006)
[    0.994608] usb 1-10: new full-speed USB device number 3 using xhci_hcd
[    1.120033] usb 1-10: New USB device found, idVendor=8087, idProduct=0aaa, bcdDevice= 0.02
[    1.120049] usb 1-10: New USB device strings: Mfr=0, Product=0, SerialNumber=0
[    1.201094] ata1: SATA link up 6.0 Gbps (SStatus 133 SControl 300)
[    1.229509] ata1.00: ATA-10: ST1000LM035-1RK172, LFM4, max UDMA/100
[    1.238977] ata1.00: 1953525168 sectors, multi 16: LBA48 NCQ (depth 32), AA
[    1.289306] ata1.00: configured for UDMA/100
[    1.309408] scsi 0:0:0:0: Direct-Access     ATA      ST1000LM035-1RK1 LFM4 PQ: 0 ANSI: 5
[    1.310350] sd 0:0:0:0: Attached scsi generic sg0 type 0
[    1.310449] sd 0:0:0:0: [sda] 1953525168 512-byte logical blocks: (1.00 TB/932 GiB)
[    1.310464] sd 0:0:0:0: [sda] 4096-byte physical blocks
[    1.310498] sd 0:0:0:0: [sda] Write Protect is off
[    1.310508] sd 0:0:0:0: [sda] Mode Sense: 00 3a 00 00
[    1.310560] sd 0:0:0:0: [sda] Write cache: enabled, read cache: enabled, doesn't support DPO or FUA
[    1.310656] sd 0:0:0:0: [sda] Preferred minimum I/O size 4096 bytes
[    1.416624]  sda: sda1 sda2 sda3
[    1.417437] sd 0:0:0:0: [sda] Attached SCSI disk
[    1.434695] tsc: Refined TSC clocksource calibration: 2592.004 MHz
[    1.434718] clocksource: tsc: mask: 0xffffffffffffffff max_cycles: 0x255cbae350f, max_idle_ns: 440795327587 ns
[    1.434766] clocksource: Switched to clocksource tsc
[    1.437998] nvme 0000:01:00.0: platform quirk: setting simple suspend
[    1.438394] nvme nvme0: pci function 0000:01:00.0
[    1.444452] nvme nvme0: missing or invalid SUBNQN field.
[    1.446634] input: ELAN06FA:00 04F3:3140 Mouse as /devices/pci0000:00/0000:00:15.0/i2c_designware.0/i2c-0/i2c-ELAN06FA:00/0018:04F3:3140.0001/input/input4
[    1.446964] input: ELAN06FA:00 04F3:3140 Touchpad as /devices/pci0000:00/0000:00:15.0/i2c_designware.0/i2c-0/i2c-ELAN06FA:00/0018:04F3:3140.0001/input/input5
[    1.447269] hid-generic 0018:04F3:3140.0001: input,hidraw0: I2C HID v1.00 Mouse [ELAN06FA:00 04F3:3140] on i2c-ELAN06FA:00
[    1.450263] dw-apb-uart.2: ttyS4 at MMIO 0xb122a000 (irq = 34, base_baud = 7500000) is a 16550A
[    1.463936] nvme nvme0: allocated 64 MiB host memory buffer (1 segment).
[    1.473132] nvme nvme0: 4/0/0 default/read/poll queues
[    1.477520] nvme nvme0: Ignoring bogus Namespace Identifiers
[    1.480419]  nvme0n1: p1 p2 p3 p4 p5
[    1.540622] input: ELAN06FA:00 04F3:3140 Mouse as /devices/pci0000:00/0000:00:15.0/i2c_designware.0/i2c-0/i2c-ELAN06FA:00/0018:04F3:3140.0001/input/input6
[    1.540768] input: ELAN06FA:00 04F3:3140 Touchpad as /devices/pci0000:00/0000:00:15.0/i2c_designware.0/i2c-0/i2c-ELAN06FA:00/0018:04F3:3140.0001/input/input7
[    1.540908] hid-multitouch 0018:04F3:3140.0001: input,hidraw0: I2C HID v1.00 Mouse [ELAN06FA:00 04F3:3140] on i2c-ELAN06FA:00
[    2.615291] EXT4-fs (nvme0n1p5): mounted filesystem 2791277a-1b01-4d94-8f51-2b475229ffa7 ro with ordered data mode. Quota mode: none.
[    2.736928] systemd[1]: Inserted module 'autofs4'
[    2.871881] systemd[1]: systemd 255.4-1ubuntu8.12 running in system mode (+PAM +AUDIT +SELINUX +APPARMOR +IMA +SMACK +SECCOMP +GCRYPT -GNUTLS +OPENSSL +ACL +BLKID +CURL +ELFUTILS +FIDO2 +IDN2 -IDN +IPTC +KMOD +LIBCRYPTSETUP +LIBFDISK +PCRE2 -PWQUALITY +P11KIT +QRENCODE +TPM2 +BZIP2 +LZ4 +XZ +ZLIB +ZSTD -BPF_FRAMEWORK -XKBCOMMON +UTMP +SYSVINIT default-hierarchy=unified)
[    2.871901] systemd[1]: Detected architecture x86-64.
[    2.874288] systemd[1]: Hostname set to <pooja-IdeaPad-3-15IML05-U>.
[    3.122157] systemd[1]: Queued start job for default target graphical.target.
[    3.137982] systemd[1]: Created slice system-modprobe.slice - Slice /system/modprobe.
[    3.138458] systemd[1]: Created slice system-systemd\x2dfsck.slice - Slice /system/systemd-fsck.
[    3.138744] systemd[1]: Created slice user.slice - User and Session Slice.
[    3.138825] systemd[1]: Started systemd-ask-password-wall.path - Forward Password Requests to Wall Directory Watch.
[    3.139042] systemd[1]: Set up automount proc-sys-fs-binfmt_misc.automount - Arbitrary Executable File Formats File System Automount Point.
[    3.139069] systemd[1]: Expecting device dev-disk-by\x2duuid-409E\x2d41E6.device - /dev/disk/by-uuid/409E-41E6...
[    3.139098] systemd[1]: Reached target integritysetup.target - Local Integrity Protected Volumes.
[    3.139137] systemd[1]: Reached target remote-fs.target - Remote File Systems.
[    3.139151] systemd[1]: Reached target slices.target - Slice Units.
[    3.139168] systemd[1]: Reached target snapd.mounts-pre.target - Mounting snaps.
[    3.139200] systemd[1]: Reached target veritysetup.target - Local Verity Protected Volumes.
[    3.139414] systemd[1]: Listening on syslog.socket - Syslog Socket.
[    3.139526] systemd[1]: Listening on systemd-fsckd.socket - fsck to fsckd communication Socket.
[    3.139631] systemd[1]: Listening on systemd-initctl.socket - initctl Compatibility Named Pipe.
[    3.139769] systemd[1]: Listening on systemd-journald-dev-log.socket - Journal Socket (/dev/log).
[    3.139907] systemd[1]: Listening on systemd-journald.socket - Journal Socket.
[    3.140117] systemd[1]: Listening on systemd-oomd.socket - Userspace Out-Of-Memory (OOM) Killer Socket.
[    3.140162] systemd[1]: systemd-pcrextend.socket - TPM2 PCR Extension (Varlink) was skipped because of an unmet condition check (ConditionSecurity=measured-uki).
[    3.140588] systemd[1]: Listening on systemd-udevd-control.socket - udev Control Socket.
[    3.140723] systemd[1]: Listening on systemd-udevd-kernel.socket - udev Kernel Socket.
[    3.141937] systemd[1]: Mounting dev-hugepages.mount - Huge Pages File System...
[    3.142765] systemd[1]: Mounting dev-mqueue.mount - POSIX Message Queue File System...
[    3.144079] systemd[1]: Mounting sys-kernel-debug.mount - Kernel Debug File System...
[    3.145263] systemd[1]: Mounting sys-kernel-tracing.mount - Kernel Trace File System...
[    3.153248] systemd[1]: Starting systemd-journald.service - Journal Service...
[    3.154940] systemd[1]: Starting keyboard-setup.service - Set the console keyboard layout...
[    3.156543] systemd[1]: Starting kmod-static-nodes.service - Create List of Static Device Nodes...
[    3.160833] systemd[1]: Starting modprobe@configfs.service - Load Kernel Module configfs...
[    3.162404] systemd[1]: Starting modprobe@dm_mod.service - Load Kernel Module dm_mod...
[    3.165903] systemd[1]: Starting modprobe@drm.service - Load Kernel Module drm...
[    3.169810] systemd[1]: Starting modprobe@efi_pstore.service - Load Kernel Module efi_pstore...
[    3.176904] systemd[1]: Starting modprobe@fuse.service - Load Kernel Module fuse...
[    3.179149] systemd[1]: Starting modprobe@loop.service - Load Kernel Module loop...
[    3.179414] systemd[1]: systemd-fsck-root.service - File System Check on Root Device was skipped because of an unmet condition check (ConditionPathExists=!/run/initramfs/fsck-root).
[    3.186773] systemd[1]: Starting systemd-modules-load.service - Load Kernel Modules...
[    3.186823] systemd[1]: systemd-pcrmachine.service - TPM2 PCR Machine ID Measurement was skipped because of an unmet condition check (ConditionSecurity=measured-uki).
[    3.188904] systemd-journald[282]: Collecting audit messages is disabled.
[    3.189845] systemd[1]: Starting systemd-remount-fs.service - Remount Root and Kernel File Systems...
[    3.189946] systemd[1]: systemd-tpm2-setup-early.service - TPM2 SRK Setup (Early) was skipped because of an unmet condition check (ConditionSecurity=measured-uki).
[    3.192659] pstore: Using crash dump compression: deflate
[    3.195274] systemd[1]: Starting systemd-udev-trigger.service - Coldplug All udev Devices...
[    3.202859] systemd[1]: Mounted dev-hugepages.mount - Huge Pages File System.
[    3.207893] systemd[1]: Mounted dev-mqueue.mount - POSIX Message Queue File System.
[    3.208186] systemd[1]: Mounted sys-kernel-debug.mount - Kernel Debug File System.
[    3.208378] systemd[1]: Mounted sys-kernel-tracing.mount - Kernel Trace File System.
[    3.208728] systemd[1]: Finished kmod-static-nodes.service - Create List of Static Device Nodes.
[    3.211519] systemd[1]: modprobe@configfs.service: Deactivated successfully.
[    3.211924] systemd[1]: Finished modprobe@configfs.service - Load Kernel Module configfs.
[    3.212488] systemd[1]: modprobe@dm_mod.service: Deactivated successfully.
[    3.212880] systemd[1]: Finished modprobe@dm_mod.service - Load Kernel Module dm_mod.
[    3.213366] systemd[1]: modprobe@drm.service: Deactivated successfully.
[    3.213584] systemd[1]: Finished modprobe@drm.service - Load Kernel Module drm.
[    3.214167] systemd[1]: modprobe@fuse.service: Deactivated successfully.
[    3.214424] systemd[1]: Finished modprobe@fuse.service - Load Kernel Module fuse.
[    3.215121] systemd[1]: modprobe@loop.service: Deactivated successfully.
[    3.215343] systemd[1]: Finished modprobe@loop.service - Load Kernel Module loop.
[    3.218530] systemd[1]: Mounting sys-fs-fuse-connections.mount - FUSE Control File System...
[    3.223066] systemd[1]: Mounting sys-kernel-config.mount - Kernel Configuration File System...
[    3.223191] systemd[1]: systemd-repart.service - Repartition Root Disk was skipped because no trigger condition checks were met.
[    3.228843] systemd[1]: Starting systemd-tmpfiles-setup-dev-early.service - Create Static Device Nodes in /dev gracefully...
[    3.229038] EXT4-fs (nvme0n1p5): re-mounted 2791277a-1b01-4d94-8f51-2b475229ffa7 r/w. Quota mode: none.
[    3.246105] systemd[1]: Finished systemd-remount-fs.service - Remount Root and Kernel File Systems.
[    3.249493] systemd[1]: Mounted sys-fs-fuse-connections.mount - FUSE Control File System.
[    3.249704] systemd[1]: Mounted sys-kernel-config.mount - Kernel Configuration File System.
[    3.257964] lp: driver loaded but no devices found
[    3.261726] systemd[1]: Activating swap swap.img.swap - /swap.img...
[    3.264554] systemd[1]: systemd-hwdb-update.service - Rebuild Hardware Database was skipped because of an unmet condition check (ConditionNeedsUpdate=/etc).
[    3.273485] systemd[1]: Starting systemd-random-seed.service - Load/Save OS Random Seed...
[    3.273528] systemd[1]: systemd-tpm2-setup.service - TPM2 SRK Setup was skipped because of an unmet condition check (ConditionSecurity=measured-uki).
[    3.277004] ppdev: user-space parallel port driver
[    3.284584] systemd[1]: Started systemd-journald.service - Journal Service.
[    3.294566] Adding 4194300k swap on /swap.img.  Priority:-2 extents:19 across:37617664k SS
[    3.305698] pstore: Registered efi_pstore as persistent store backend
[    3.316746] systemd-journald[282]: Received client request to flush runtime journal.
[    3.323378] systemd-journald[282]: File /var/log/journal/08d86309eabd45b194edfa86c95abdbb/system.journal corrupted or uncleanly shut down, renaming and replacing.
[    3.371453] loop0: detected capacity change from 0 to 8
[    3.381906] loop1: detected capacity change from 0 to 151464
[    3.385628] loop2: detected capacity change from 0 to 151448
[    3.390333] loop3: detected capacity change from 0 to 515496
[    3.390840] loop4: detected capacity change from 0 to 515416
[    3.397580] loop5: detected capacity change from 0 to 37864
[    3.397916] loop6: detected capacity change from 0 to 22800
[    3.405897] loop7: detected capacity change from 0 to 1056784
[    3.413721] loop8: detected capacity change from 0 to 1088256
[    3.425924] loop9: detected capacity change from 0 to 22176
[    3.428796] loop11: detected capacity change from 0 to 104296
[    3.429209] loop10: detected capacity change from 0 to 187776
[    3.439322] loop12: detected capacity change from 0 to 98480
[    3.439833] loop13: detected capacity change from 0 to 1152
[    3.454206] loop14: detected capacity change from 0 to 1152
[    4.021132] intel_pmc_core INT33A1:00:  initialized
[    4.112239] input: Ideapad extra buttons as /devices/pci0000:00/0000:00:1f.0/PNP0C09:00/VPC2004:00/input/input8
[    4.112322] ideapad_acpi VPC2004:00: Keyboard backlight control not available
[    4.162705] ideapad_acpi VPC2004:00: DYTC_VERSION 4 support may not work. Pass ideapad_laptop.allow_v4_dytc=Y on the kernel commandline to enable
[    4.162713] ideapad_acpi VPC2004:00: DYTC interface is not available
[    4.183701] mc: Linux media interface: v0.10
[    4.185866] cfg80211: Loading compiled-in X.509 certificates for regulatory database
[    4.211921] mei_me 0000:00:16.0: enabling device (0000 -> 0002)
[    4.220330] Loaded X.509 cert 'sforshee: 00b28ddf47aef9cea7'
[    4.220774] lenovo_wmi_hotkey_utilities CE6C0974-0407-4F50-88BA-4FC3B6559AD8: probe with driver lenovo_wmi_hotkey_utilities failed with error -5
[    4.220933] Loaded X.509 cert 'wens: 61c038651aabdcf94bd0ac7ff06c7248db18c600'
[    4.253131] Bluetooth: Core ver 2.22
[    4.253162] NET: Registered PF_BLUETOOTH protocol family
[    4.253166] Bluetooth: HCI device and connection manager initialized
[    4.253176] Bluetooth: HCI socket layer initialized
[    4.253180] Bluetooth: L2CAP socket layer initialized
[    4.253186] Bluetooth: SCO socket layer initialized
[    4.265744] videodev: Linux video capture interface: v2.00
[    4.266494] RAPL PMU: API unit is 2^-32 Joules, 5 fixed counters, 655360 ms ovfl timer
[    4.266501] RAPL PMU: hw unit of domain pp0-core 2^-14 Joules
[    4.266504] RAPL PMU: hw unit of domain package 2^-14 Joules
[    4.266506] RAPL PMU: hw unit of domain dram 2^-14 Joules
[    4.266509] RAPL PMU: hw unit of domain pp1-gpu 2^-14 Joules
[    4.266511] RAPL PMU: hw unit of domain psys 2^-14 Joules
[    4.281488] i801_smbus 0000:00:1f.4: SPD Write Disable is set
[    4.281539] i801_smbus 0000:00:1f.4: SMBus using PCI interrupt
[    4.294426] cryptd: max_cpu_qlen set to 1000
[    4.296009] Intel(R) Wireless WiFi driver for Linux
[    4.298232] iwlwifi 0000:00:14.3: Detected crf-id 0x2816, cnv-id 0x20000302 wfpm id 0x80000000
[    4.298256] iwlwifi 0000:00:14.3: PCI dev 02f0/0234, rev=0x351, rfid=0x105110
[    4.298262] iwlwifi 0000:00:14.3: Detected Intel(R) Wireless-AC 9560
[    4.306210] intel_rapl_common: Found RAPL domain package
[    4.306218] intel_rapl_common: Found RAPL domain dram
[    4.310522] AES CTR mode by8 optimization enabled
[    4.316582] usb 1-7: Found UVC 1.00 device Integrated Camera (5986:2130)
[    4.325856] iwlwifi 0000:00:14.3: TLV_FW_FSEQ_VERSION: FSEQ Version: 89.3.35.37
[    4.326829] iwlwifi 0000:00:14.3: loaded firmware version 77.b405f9d4.0 QuZ-a0-jf-b0-77.ucode op_mode iwlmvm
[    4.405172] audit: type=1400 audit(1771607654.404:2): apparmor="STATUS" operation="profile_load" profile="unconfined" name=4D6F6E676F444220436F6D70617373 pid=524 comm="apparmor_parser"
[    4.405182] audit: type=1400 audit(1771607654.404:3): apparmor="STATUS" operation="profile_load" profile="unconfined" name="1password" pid=522 comm="apparmor_parser"
[    4.408454] usbcore: registered new interface driver uvcvideo
[    4.410503] audit: type=1400 audit(1771607654.409:4): apparmor="STATUS" operation="profile_load" profile="unconfined" name="QtWebEngineProcess" pid=526 comm="apparmor_parser"
[    4.414514] audit: type=1400 audit(1771607654.413:5): apparmor="STATUS" operation="profile_load" profile="unconfined" name="Discord" pid=523 comm="apparmor_parser"
[    4.416083] audit: type=1400 audit(1771607654.415:6): apparmor="STATUS" operation="profile_load" profile="unconfined" name="balena-etcher" pid=529 comm="apparmor_parser"
[    4.417616] audit: type=1400 audit(1771607654.416:7): apparmor="STATUS" operation="profile_load" profile="unconfined" name="brave" pid=530 comm="apparmor_parser"
[    4.417925] usbcore: registered new interface driver btusb
[    4.430609] audit: type=1400 audit(1771607654.427:8): apparmor="STATUS" operation="profile_load" profile="unconfined" name="busybox" pid=535 comm="apparmor_parser"
[    4.440169] audit: type=1400 audit(1771607654.439:9): apparmor="STATUS" operation="profile_load" profile="unconfined" name="cam" pid=536 comm="apparmor_parser"
[    4.443744] Bluetooth: hci0: Bootloader revision 0.1 build 0 week 30 2018
[    4.444155] audit: type=1400 audit(1771607654.443:10): apparmor="STATUS" operation="profile_load" profile="unconfined" name="buildah" pid=534 comm="apparmor_parser"
[    4.444744] Bluetooth: hci0: Device revision is 2
[    4.444750] Bluetooth: hci0: Secure boot is enabled
[    4.444753] Bluetooth: hci0: OTP lock is enabled
[    4.444755] Bluetooth: hci0: API lock is enabled
[    4.444757] Bluetooth: hci0: Debug lock is disabled
[    4.444759] Bluetooth: hci0: Minimum firmware build 1 week 10 2014
[    4.460122] Bluetooth: hci0: Found device firmware: intel/ibt-19-0-1.sfi
[    4.460276] Bluetooth: hci0: Boot Address: 0x24800
[    4.460280] Bluetooth: hci0: Firmware Version: 249-27.23
[    4.760613] intel_rapl_common: Found RAPL domain package
[    4.760622] intel_rapl_common: Found RAPL domain core
[    4.760625] intel_rapl_common: Found RAPL domain uncore
[    4.760628] intel_rapl_common: Found RAPL domain dram
[    4.760630] intel_rapl_common: Found RAPL domain psys
[    5.652744] iwlwifi 0000:00:14.3: Detected RF JF, rfid=0x105110
[    5.669936] i915 0000:00:02.0: [drm] Found cometlake/ult (device ID 9b41) integrated display version 9.00 stepping N/A
[    5.670430] spi-nor spi0.0: supply vcc not found, using dummy regulator
[    5.681969] intel_tcc_cooling: Programmable TCC Offset detected
[    5.686612] Creating 1 MTD partitions on "0000:00:1f.5":
[    5.686620] 0x000000000000-0x000001000000 : "BIOS"
[    5.704256] i915 0000:00:02.0: vgaarb: deactivate vga console
[    5.709339] iwlwifi 0000:00:14.3: base HW address: 14:85:7f:8d:6c:1a
[    5.712609] i915 0000:00:02.0: vgaarb: VGA decodes changed: olddecodes=io+mem,decodes=io+mem:owns=io+mem
[    5.717840] i915 0000:00:02.0: [drm] Finished loading DMC firmware i915/kbl_dmc_ver1_04.bin (v1.4)
[    5.750964] iwlwifi 0000:00:14.3 wlp0s20f3: renamed from wlan0
[    5.759676] snd_hda_intel 0000:00:1f.3: enabling device (0000 -> 0002)
[    5.773106] mei_hdcp 0000:00:16.0-b638ab7e-94e2-4ea2-a552-d1c54b627f04: bound 0000:00:02.0 (ops i915_hdcp_ops [i915])
[    6.018337] Bluetooth: BNEP (Ethernet Emulation) ver 1.3
[    6.018344] Bluetooth: BNEP filters: protocol multicast
[    6.018351] Bluetooth: BNEP socket layer initialized
[    6.390945] kauditd_printk_skb: 145 callbacks suppressed
[    6.390951] audit: type=1400 audit(1771607656.386:156): apparmor="STATUS" operation="profile_replace" info="same as current profile, skipping" profile="unconfined" name="rsyslogd" pid=792 comm="apparmor_parser"
[    6.434971] Bluetooth: hci0: Waiting for firmware download to complete
[    6.435730] Bluetooth: hci0: Firmware loaded in 1929296 usecs
[    6.435811] Bluetooth: hci0: Waiting for device to boot
[    6.450738] Bluetooth: hci0: Device booted in 14612 usecs
[    6.451266] Bluetooth: hci0: Found Intel DDC parameters: intel/ibt-19-0-1.ddc
[    6.453743] Bluetooth: hci0: Applying Intel DDC parameters completed
[    6.454742] Bluetooth: hci0: Firmware revision 0.1 build 249 week 27 2023
[    6.456750] Bluetooth: hci0: HCI LE Coded PHY feature bit is set, but its usage is not supported.
[    6.521916] Bluetooth: MGMT ver 1.23
[    6.536541] NET: Registered PF_ALG protocol family
[    6.587903] nvme nvme0: using unchecked data buffer
[    6.643575] loop15: detected capacity change from 0 to 8
[    6.819860] NET: Registered PF_QIPCRTR protocol family
[    6.946302] ACPI BIOS Error (bug): Could not resolve symbol [\_TZ.ETMD], AE_NOT_FOUND (20240827/psargs-332)

[    6.946348] No Local Variables are initialized for Method [_OSC]

[    6.946359] Initialized Arguments for Method [_OSC]:  (4 arguments defined for method invocation)
[    6.946365]   Arg0:   000000002593880b <Obj>           Buffer(16) 5D A8 3B B2 B7 C8 42 35
[    6.946412]   Arg1:   00000000c84d4031 <Obj>           Integer 0000000000000001
[    6.946433]   Arg2:   000000004f121b52 <Obj>           Integer 0000000000000002
[    6.946452]   Arg3:   00000000c061c956 <Obj>           Buffer(8) 00 00 00 00 05 00 00 00

[    6.946502] ACPI Error: Aborting method \_SB.IETM._OSC due to previous error (AE_NOT_FOUND) (20240827/psparse-529)
[    6.947453] Consider using thermal netlink events interface
[    7.037930] [drm] Initialized i915 1.6.0 for 0000:00:02.0 on minor 1
[    7.045585] ACPI: video: Video Device [GFX0] (multi-head: yes  rom: no  post: no)
[    7.046934] input: Video Bus as /devices/LNXSYSTM:00/LNXSYBUS:00/PNP0A08:00/LNXVIDEO:00/input/input9
[    7.062117] snd_hda_intel 0000:00:1f.3: bound 0000:00:02.0 (ops i915_audio_component_bind_ops [i915])
[    7.092702] fbcon: i915drmfb (fb0) is primary device
[    7.092711] fbcon: Deferring console take-over
[    7.092720] i915 0000:00:02.0: [drm] fb0: i915drmfb frame buffer device
[    7.157053] snd_hda_codec_realtek hdaudioC0D0: ALC236: picked fixup  for PCI SSID 17aa:3818
[    7.157736] snd_hda_codec_realtek hdaudioC0D0: autoconfig for ALC236: line_outs=1 (0x14/0x0/0x0/0x0/0x0) type:speaker
[    7.157753] snd_hda_codec_realtek hdaudioC0D0:    speaker_outs=0 (0x0/0x0/0x0/0x0/0x0)
[    7.157763] snd_hda_codec_realtek hdaudioC0D0:    hp_outs=1 (0x21/0x0/0x0/0x0/0x0)
[    7.157774] snd_hda_codec_realtek hdaudioC0D0:    mono: mono_out=0x0
[    7.157781] snd_hda_codec_realtek hdaudioC0D0:    inputs:
[    7.157788] snd_hda_codec_realtek hdaudioC0D0:      Internal Mic=0x12
[    7.157796] snd_hda_codec_realtek hdaudioC0D0:      Headset Mic=0x19
[    7.341270] audit: type=1400 audit(1771607657.340:157): apparmor="STATUS" operation="profile_replace" profile="unconfined" name="/usr/lib/snapd/snap-confine" pid=956 comm="apparmor_parser"
[    7.351043] audit: type=1400 audit(1771607657.349:158): apparmor="STATUS" operation="profile_replace" profile="unconfined" name="/usr/lib/snapd/snap-confine//mount-namespace-capture-helper" pid=956 comm="apparmor_parser"
[    7.417442] input: HDA Intel PCH Headset Mic as /devices/pci0000:00/0000:00:1f.3/sound/card0/input10
[    7.417721] input: HDA Intel PCH Headphone as /devices/pci0000:00/0000:00:1f.3/sound/card0/input11
[    7.418560] input: HDA Intel PCH HDMI/DP,pcm=3 as /devices/pci0000:00/0000:00:1f.3/sound/card0/input12
[    7.421807] input: HDA Intel PCH HDMI/DP,pcm=7 as /devices/pci0000:00/0000:00:1f.3/sound/card0/input13
[    7.422051] input: HDA Intel PCH HDMI/DP,pcm=8 as /devices/pci0000:00/0000:00:1f.3/sound/card0/input14
[    8.867785] iwlwifi 0000:00:14.3: Registered PHC clock: iwlwifi-PTP, with index: 0
[    8.996231] audit: type=1400 audit(1771607658.995:159): apparmor="DENIED" operation="capable" class="cap" profile="/usr/sbin/cupsd" pid=1174 comm="cupsd" capability=12  capname="net_admin"
[   10.566462] Bluetooth: RFCOMM TTY layer initialized
[   10.566490] Bluetooth: RFCOMM socket layer initialized
[   10.566507] Bluetooth: RFCOMM ver 1.11
[   13.782943] rfkill: input handler disabled
[  115.920585] systemd-journald[282]: /var/log/journal/08d86309eabd45b194edfa86c95abdbb/user-1000.journal: Journal file uses a different sequence number ID, rotating.
[  116.533720] rfkill: input handler enabled
[  120.716086] rfkill: input handler disabled
[  178.583622] workqueue: delayed_fput hogged CPU for >10000us 4 times, consider switching to WQ_UNBOUND
[  179.033615] workqueue: delayed_fput hogged CPU for >10000us 5 times, consider switching to WQ_UNBOUND
[  246.159906] wlp0s20f3: authenticate with 82:a2:6a:23:fd:fd (local address=14:85:7f:8d:6c:1a)
[  246.161026] wlp0s20f3: send auth to 82:a2:6a:23:fd:fd (try 1/3)
[  246.192747] wlp0s20f3: authenticated
[  246.193673] wlp0s20f3: associate with 82:a2:6a:23:fd:fd (try 1/3)
[  246.205338] wlp0s20f3: RX AssocResp from 82:a2:6a:23:fd:fd (capab=0x411 status=0 aid=1)
[  246.219477] wlp0s20f3: associated
[  246.461711] warning: `ThreadPoolForeg' uses wireless extensions which will stop working for Wi-Fi 7 hardware; use nl80211
[  248.395466] wlp0s20f3: Connection to AP 82:a2:6a:23:fd:fd lost
[  248.563741] wlp0s20f3: Connection to AP 00:00:00:00:00:00 lost
[  262.843593] wlp0s20f3: authenticate with 82:a2:6a:23:fd:fd (local address=14:85:7f:8d:6c:1a)
[  262.844630] wlp0s20f3: send auth to 82:a2:6a:23:fd:fd (try 1/3)
[  262.947677] wlp0s20f3: send auth to 82:a2:6a:23:fd:fd (try 2/3)
[  263.048693] wlp0s20f3: send auth to 82:a2:6a:23:fd:fd (try 3/3)
[  263.149716] wlp0s20f3: authentication with 82:a2:6a:23:fd:fd timed out
[  289.160723] wlp0s20f3: authenticate with 82:a2:6a:23:fd:fd (local address=14:85:7f:8d:6c:1a)
[  289.161861] wlp0s20f3: send auth to 82:a2:6a:23:fd:fd (try 1/3)
[  289.264095] wlp0s20f3: send auth to 82:a2:6a:23:fd:fd (try 2/3)
[  289.365609] wlp0s20f3: send auth to 82:a2:6a:23:fd:fd (try 3/3)
[  289.466960] wlp0s20f3: authentication with 82:a2:6a:23:fd:fd timed out
[  421.944466] audit: type=1400 audit(1771608071.943:160): apparmor="DENIED" operation="open" class="file" profile="snap.firefox.firefox" name="/proc/pressure/memory" pid=3298 comm="firefox" requested_mask="r" denied_mask="r" fsuid=1000 ouid=0
[  426.093632] workqueue: delayed_fput hogged CPU for >10000us 7 times, consider switching to WQ_UNBOUND
[  428.725575] audit: type=1400 audit(1771608078.724:161): apparmor="DENIED" operation="open" class="file" profile="snap.firefox.firefox" name="/proc/pressure/memory" pid=3298 comm="MemoryPoller" requested_mask="r" denied_mask="r" fsuid=1000 ouid=0
[  433.732920] audit: type=1400 audit(1771608083.732:162): apparmor="DENIED" operation="open" class="file" profile="snap.firefox.firefox" name="/proc/pressure/memory" pid=3298 comm="MemoryPoller" requested_mask="r" denied_mask="r" fsuid=1000 ouid=0
[  447.662022] wlp0s20f3: authenticate with 82:a2:6a:23:fd:fd (local address=14:85:7f:8d:6c:1a)
[  447.663072] wlp0s20f3: send auth to 82:a2:6a:23:fd:fd (try 1/3)
[  447.670979] wlp0s20f3: authenticated
[  447.671678] wlp0s20f3: associate with 82:a2:6a:23:fd:fd (try 1/3)
[  447.685054] wlp0s20f3: RX AssocResp from 82:a2:6a:23:fd:fd (capab=0x411 status=0 aid=1)
[  447.690702] wlp0s20f3: associated
[  450.240079] audit: type=1400 audit(1771608100.239:163): apparmor="DENIED" operation="open" class="file" profile="snap.firefox.firefox" name="/proc/pressure/memory" pid=3298 comm="MemoryPoller" requested_mask="r" denied_mask="r" fsuid=1000 ouid=0
[  455.273817] audit: type=1400 audit(1771608105.273:164): apparmor="DENIED" operation="open" class="file" profile="snap.firefox.firefox" name="/proc/pressure/memory" pid=3298 comm="MemoryPoller" requested_mask="r" denied_mask="r" fsuid=1000 ouid=0
[  460.323401] audit: type=1400 audit(1771608110.322:165): apparmor="DENIED" operation="open" class="file" profile="snap.firefox.firefox" name="/proc/pressure/memory" pid=3298 comm="MemoryPoller" requested_mask="r" denied_mask="r" fsuid=1000 ouid=0
[  479.555330] audit: type=1400 audit(1771608129.427:166): apparmor="DENIED" operation="open" class="file" profile="snap.firefox.firefox" name="/proc/pressure/memory" pid=3298 comm="MemoryPoller" requested_mask="r" denied_mask="r" fsuid=1000 ouid=0
[  484.582066] audit: type=1400 audit(1771608134.447:167): apparmor="DENIED" operation="open" class="file" profile="snap.firefox.firefox" name="/proc/pressure/memory" pid=3298 comm="MemoryPoller" requested_mask="r" denied_mask="r" fsuid=1000 ouid=0
[  491.459572] audit: type=1400 audit(1771608141.319:168): apparmor="DENIED" operation="open" class="file" profile="snap.firefox.firefox" name="/proc/pressure/memory" pid=3298 comm="MemoryPoller" requested_mask="r" denied_mask="r" fsuid=1000 ouid=0
[  496.497401] audit: type=1400 audit(1771608146.354:169): apparmor="DENIED" operation="open" class="file" profile="snap.firefox.firefox" name="/proc/pressure/memory" pid=3298 comm="MemoryPoller" requested_mask="r" denied_mask="r" fsuid=1000 ouid=0
[  501.550693] audit: type=1400 audit(1771608151.407:170): apparmor="DENIED" operation="open" class="file" profile="snap.firefox.firefox" name="/proc/pressure/memory" pid=3298 comm="MemoryPoller" requested_mask="r" denied_mask="r" fsuid=1000 ouid=0
[  506.571830] audit: type=1400 audit(1771608156.428:171): apparmor="DENIED" operation="open" class="file" profile="snap.firefox.firefox" name="/proc/pressure/memory" pid=3298 comm="MemoryPoller" requested_mask="r" denied_mask="r" fsuid=1000 ouid=0
[  511.588610] audit: type=1400 audit(1771608161.507:172): apparmor="DENIED" operation="open" class="file" profile="snap.firefox.firefox" name="/proc/pressure/memory" pid=3298 comm="MemoryPoller" requested_mask="r" denied_mask="r" fsuid=1000 ouid=0
[  525.456607] audit: type=1400 audit(1771608175.622:173): apparmor="DENIED" operation="open" class="file" profile="snap.firefox.firefox" name="/proc/pressure/memory" pid=3298 comm="MemoryPoller" requested_mask="r" denied_mask="r" fsuid=1000 ouid=0
[  530.474080] audit: type=1400 audit(1771608180.663:174): apparmor="DENIED" operation="open" class="file" profile="snap.firefox.firefox" name="/proc/pressure/memory" pid=3298 comm="MemoryPoller" requested_mask="r" denied_mask="r" fsuid=1000 ouid=0
[  535.479757] audit: type=1400 audit(1771608185.683:175): apparmor="DENIED" operation="open" class="file" profile="snap.firefox.firefox" name="/proc/pressure/memory" pid=3298 comm="MemoryPoller" requested_mask="r" denied_mask="r" fsuid=1000 ouid=0
[  539.003586] wlp0s20f3: Connection to AP 82:a2:6a:23:fd:fd lost
[  539.901196] wlp0s20f3: authenticate with 82:a2:6a:23:fd:fd (local address=14:85:7f:8d:6c:1a)
[  539.902211] wlp0s20f3: send auth to 82:a2:6a:23:fd:fd (try 1/3)
[  539.948770] wlp0s20f3: authenticated
[  539.951037] wlp0s20f3: associate with 82:a2:6a:23:fd:fd (try 1/3)
[  539.961828] wlp0s20f3: RX AssocResp from 82:a2:6a:23:fd:fd (capab=0x411 status=0 aid=1)
[  539.967815] wlp0s20f3: associated
[  540.494924] audit: type=1400 audit(1771608190.706:176): apparmor="DENIED" operation="open" class="file" profile="snap.firefox.firefox" name="/proc/pressure/memory" pid=3298 comm="MemoryPoller" requested_mask="r" denied_mask="r" fsuid=1000 ouid=0
[  541.901793] wlp0s20f3: Connection to AP 82:a2:6a:23:fd:fd lost
[  543.948530] wlp0s20f3: authenticate with 82:a2:6a:23:fd:fd (local address=14:85:7f:8d:6c:1a)
[  543.949628] wlp0s20f3: send auth to 82:a2:6a:23:fd:fd (try 1/3)
[  543.956805] wlp0s20f3: authenticated
[  543.957701] wlp0s20f3: associate with 82:a2:6a:23:fd:fd (try 1/3)
[  543.968145] wlp0s20f3: RX AssocResp from 82:a2:6a:23:fd:fd (capab=0x411 status=0 aid=1)
[  543.973585] wlp0s20f3: associated
[  545.490377] audit: type=1400 audit(1771608195.707:177): apparmor="DENIED" operation="open" class="file" profile="snap.firefox.firefox" name="/proc/pressure/memory" pid=3298 comm="MemoryPoller" requested_mask="r" denied_mask="r" fsuid=1000 ouid=0
[  550.490425] audit: type=1400 audit(1771608200.711:178): apparmor="DENIED" operation="open" class="file" profile="snap.firefox.firefox" name="/proc/pressure/memory" pid=3298 comm="MemoryPoller" requested_mask="r" denied_mask="r" fsuid=1000 ouid=0
[  555.497053] audit: type=1400 audit(1771608205.721:179): apparmor="DENIED" operation="open" class="file" profile="snap.firefox.firefox" name="/proc/pressure/memory" pid=3298 comm="MemoryPoller" requested_mask="r" denied_mask="r" fsuid=1000 ouid=0
[  560.485605] audit: type=1400 audit(1771608210.737:180): apparmor="DENIED" operation="open" class="file" profile="snap.firefox.firefox" name="/proc/pressure/memory" pid=3298 comm="MemoryPoller" requested_mask="r" denied_mask="r" fsuid=1000 ouid=0
[  565.489426] audit: type=1400 audit(1771608215.771:181): apparmor="DENIED" operation="open" class="file" profile="snap.firefox.firefox" name="/proc/pressure/memory" pid=3298 comm="MemoryPoller" requested_mask="r" denied_mask="r" fsuid=1000 ouid=0
[  570.498782] audit: type=1400 audit(1771608220.797:182): apparmor="DENIED" operation="open" class="file" profile="snap.firefox.firefox" name="/proc/pressure/memory" pid=3298 comm="MemoryPoller" requested_mask="r" denied_mask="r" fsuid=1000 ouid=0
[  575.501660] audit: type=1400 audit(1771608225.810:183): apparmor="DENIED" operation="open" class="file" profile="snap.firefox.firefox" name="/proc/pressure/memory" pid=3298 comm="MemoryPoller" requested_mask="r" denied_mask="r" fsuid=1000 ouid=0
[  580.497554] audit: type=1400 audit(1771608230.811:184): apparmor="DENIED" operation="open" class="file" profile="snap.firefox.firefox" name="/proc/pressure/memory" pid=3298 comm="MemoryPoller" requested_mask="r" denied_mask="r" fsuid=1000 ouid=0
[  585.507452] audit: type=1400 audit(1771608235.826:185): apparmor="DENIED" operation="open" class="file" profile="snap.firefox.firefox" name="/proc/pressure/memory" pid=3298 comm="MemoryPoller" requested_mask="r" denied_mask="r" fsuid=1000 ouid=0
[  590.507826] audit: type=1400 audit(1771608240.829:186): apparmor="DENIED" operation="open" class="file" profile="snap.firefox.firefox" name="/proc/pressure/memory" pid=3298 comm="MemoryPoller" requested_mask="r" denied_mask="r" fsuid=1000 ouid=0
[  595.565956] audit: type=1400 audit(1771608245.830:187): apparmor="DENIED" operation="open" class="file" profile="snap.firefox.firefox" name="/proc/pressure/memory" pid=3298 comm="MemoryPoller" requested_mask="r" denied_mask="r" fsuid=1000 ouid=0
[  600.599173] audit: type=1400 audit(1771608250.831:188): apparmor="DENIED" operation="open" class="file" profile="snap.firefox.firefox" name="/proc/pressure/memory" pid=3298 comm="MemoryPoller" requested_mask="r" denied_mask="r" fsuid=1000 ouid=0
[  605.617606] audit: type=1400 audit(1771608255.833:189): apparmor="DENIED" operation="open" class="file" profile="snap.firefox.firefox" name="/proc/pressure/memory" pid=3298 comm="MemoryPoller" requested_mask="r" denied_mask="r" fsuid=1000 ouid=0
[  610.703072] audit: type=1400 audit(1771608260.907:190): apparmor="DENIED" operation="open" class="file" profile="snap.firefox.firefox" name="/proc/pressure/memory" pid=3298 comm="MemoryPoller" requested_mask="r" denied_mask="r" fsuid=1000 ouid=0
[  612.628457] wlp0s20f3: Connection to AP 82:a2:6a:23:fd:fd lost
[  612.780376] wlp0s20f3: Connection to AP 00:00:00:00:00:00 lost
[  615.728311] audit: type=1400 audit(1771608265.926:191): apparmor="DENIED" operation="open" class="file" profile="snap.firefox.firefox" name="/proc/pressure/memory" pid=3298 comm="MemoryPoller" requested_mask="r" denied_mask="r" fsuid=1000 ouid=0
[  620.795735] audit: type=1400 audit(1771608270.989:192): apparmor="DENIED" operation="open" class="file" profile="snap.firefox.firefox" name="/proc/pressure/memory" pid=3298 comm="MemoryPoller" requested_mask="r" denied_mask="r" fsuid=1000 ouid=0
[  625.982489] audit: type=1400 audit(1771608276.173:193): apparmor="DENIED" operation="open" class="file" profile="snap.firefox.firefox" name="/proc/pressure/memory" pid=3298 comm="MemoryPoller" requested_mask="r" denied_mask="r" fsuid=1000 ouid=0
[  655.208911] audit: type=1400 audit(1771608305.383:194): apparmor="DENIED" operation="open" class="file" profile="snap.firefox.firefox" name="/proc/pressure/memory" pid=3298 comm="MemoryPoller" requested_mask="r" denied_mask="r" fsuid=1000 ouid=0
[  660.261228] audit: type=1400 audit(1771608310.434:195): apparmor="DENIED" operation="open" class="file" profile="snap.firefox.firefox" name="/proc/pressure/memory" pid=3298 comm="MemoryPoller" requested_mask="r" denied_mask="r" fsuid=1000 ouid=0
[  665.293310] audit: type=1400 audit(1771608315.462:196): apparmor="DENIED" operation="open" class="file" profile="snap.firefox.firefox" name="/proc/pressure/memory" pid=3298 comm="MemoryPoller" requested_mask="r" denied_mask="r" fsuid=1000 ouid=0
[  670.315045] audit: type=1400 audit(1771608320.481:197): apparmor="DENIED" operation="open" class="file" profile="snap.firefox.firefox" name="/proc/pressure/memory" pid=3298 comm="MemoryPoller" requested_mask="r" denied_mask="r" fsuid=1000 ouid=0
[  675.322519] audit: type=1400 audit(1771608325.486:198): apparmor="DENIED" operation="open" class="file" profile="snap.firefox.firefox" name="/proc/pressure/memory" pid=3298 comm="MemoryPoller" requested_mask="r" denied_mask="r" fsuid=1000 ouid=0
[  680.345354] audit: type=1400 audit(1771608330.507:199): apparmor="DENIED" operation="open" class="file" profile="snap.firefox.firefox" name="/proc/pressure/memory" pid=3298 comm="MemoryPoller" requested_mask="r" denied_mask="r" fsuid=1000 ouid=0
[  685.569055] audit: type=1400 audit(1771608335.728:200): apparmor="DENIED" operation="open" class="file" profile="snap.firefox.firefox" name="/proc/pressure/memory" pid=3298 comm="MemoryPoller" requested_mask="r" denied_mask="r" fsuid=1000 ouid=0
[  689.649501] wlp0s20f3: authenticate with 82:a2:6a:23:fd:fd (local address=14:85:7f:8d:6c:1a)
[  689.650645] wlp0s20f3: send auth to 82:a2:6a:23:fd:fd (try 1/3)
[  689.696304] wlp0s20f3: authenticated
[  689.697804] wlp0s20f3: associate with 82:a2:6a:23:fd:fd (try 1/3)
[  689.708671] wlp0s20f3: RX AssocResp from 82:a2:6a:23:fd:fd (capab=0x411 status=0 aid=1)
[  689.714038] wlp0s20f3: associated
[  690.572884] audit: type=1400 audit(1771608340.729:201): apparmor="DENIED" operation="open" class="file" profile="snap.firefox.firefox" name="/proc/pressure/memory" pid=3298 comm="MemoryPoller" requested_mask="r" denied_mask="r" fsuid=1000 ouid=0
[  691.680085] iwlwifi 0000:00:14.3: missed beacons exceeds threshold, but receiving data. Stay connected, Expect bugs.
[  691.680103] iwlwifi 0000:00:14.3: missed_beacons:19, missed_beacons_since_rx:1
[  691.782423] iwlwifi 0000:00:14.3: missed beacons exceeds threshold, but receiving data. Stay connected, Expect bugs.
[  691.782441] iwlwifi 0000:00:14.3: missed_beacons:20, missed_beacons_since_rx:1
[  691.884916] iwlwifi 0000:00:14.3: missed beacons exceeds threshold, but receiving data. Stay connected, Expect bugs.
[  691.884940] iwlwifi 0000:00:14.3: missed_beacons:21, missed_beacons_since_rx:2
[  691.987476] iwlwifi 0000:00:14.3: missed beacons exceeds threshold, but receiving data. Stay connected, Expect bugs.
[  691.987491] iwlwifi 0000:00:14.3: missed_beacons:22, missed_beacons_since_rx:1
[  692.089619] iwlwifi 0000:00:14.3: missed beacons exceeds threshold, but receiving data. Stay connected, Expect bugs.
[  692.089636] iwlwifi 0000:00:14.3: missed_beacons:23, missed_beacons_since_rx:2
[  692.192031] iwlwifi 0000:00:14.3: missed beacons exceeds threshold, but receiving data. Stay connected, Expect bugs.
[  692.192048] iwlwifi 0000:00:14.3: missed_beacons:24, missed_beacons_since_rx:3
[  692.294642] wlp0s20f3: Connection to AP 82:a2:6a:23:fd:fd lost
[  692.895800] wlp0s20f3: authenticate with 82:a2:6a:23:fd:fd (local address=14:85:7f:8d:6c:1a)
[  692.896878] wlp0s20f3: send auth to 82:a2:6a:23:fd:fd (try 1/3)
[  692.905109] wlp0s20f3: authenticated
[  692.906407] wlp0s20f3: associate with 82:a2:6a:23:fd:fd (try 1/3)
[  692.917617] wlp0s20f3: RX AssocResp from 82:a2:6a:23:fd:fd (capab=0x411 status=0 aid=1)
[  692.924088] wlp0s20f3: associated
[  695.809849] audit: type=1400 audit(1771608345.964:202): apparmor="DENIED" operation="open" class="file" profile="snap.firefox.firefox" name="/proc/pressure/memory" pid=3298 comm="MemoryPoller" requested_mask="r" denied_mask="r" fsuid=1000 ouid=0
[  707.654689] iwlwifi 0000:00:14.3: missed beacons exceeds threshold, but receiving data. Stay connected, Expect bugs.
[  707.654701] iwlwifi 0000:00:14.3: missed_beacons:19, missed_beacons_since_rx:1
[  707.758083] iwlwifi 0000:00:14.3: missed beacons exceeds threshold, but receiving data. Stay connected, Expect bugs.
[  707.758096] iwlwifi 0000:00:14.3: missed_beacons:20, missed_beacons_since_rx:2
[  707.859773] iwlwifi 0000:00:14.3: missed beacons exceeds threshold, but receiving data. Stay connected, Expect bugs.
[  707.859785] iwlwifi 0000:00:14.3: missed_beacons:21, missed_beacons_since_rx:3
[  707.961929] iwlwifi 0000:00:14.3: missed beacons exceeds threshold, but receiving data. Stay connected, Expect bugs.
[  707.961944] iwlwifi 0000:00:14.3: missed_beacons:22, missed_beacons_since_rx:1
[  708.064764] iwlwifi 0000:00:14.3: missed beacons exceeds threshold, but receiving data. Stay connected, Expect bugs.
[  708.064776] iwlwifi 0000:00:14.3: missed_beacons:23, missed_beacons_since_rx:2
[  710.419566] wlp0s20f3: Connection to AP 82:a2:6a:23:fd:fd lost
[  710.567965] wlp0s20f3: Connection to AP 00:00:00:00:00:00 lost
[  715.299960] audit: type=1400 audit(1771608365.444:203): apparmor="DENIED" operation="open" class="file" profile="snap.firefox.firefox" name="/proc/pressure/memory" pid=3298 comm="MemoryPoller" requested_mask="r" denied_mask="r" fsuid=1000 ouid=0
[  720.595949] audit: type=1400 audit(1771608370.737:204): apparmor="DENIED" operation="open" class="file" profile="snap.firefox.firefox" name="/proc/pressure/memory" pid=3298 comm="MemoryPoller" requested_mask="r" denied_mask="r" fsuid=1000 ouid=0
[  724.327478] wlp0s20f3: authenticate with 82:a2:6a:23:fd:fd (local address=14:85:7f:8d:6c:1a)
[  724.328613] wlp0s20f3: send auth to 82:a2:6a:23:fd:fd (try 1/3)
[  724.342632] wlp0s20f3: authenticated
[  724.343128] wlp0s20f3: associating to AP 82:a2:6a:23:fd:fd with corrupt beacon
[  724.344153] wlp0s20f3: associate with 82:a2:6a:23:fd:fd (try 1/3)
[  724.454250] wlp0s20f3: associate with 82:a2:6a:23:fd:fd (try 2/3)
[  724.558389] wlp0s20f3: associate with 82:a2:6a:23:fd:fd (try 3/3)
[  724.662483] wlp0s20f3: association with 82:a2:6a:23:fd:fd timed out
[  725.550325] wlp0s20f3: authenticate with 82:a2:6a:23:fd:fd (local address=14:85:7f:8d:6c:1a)
[  725.551435] wlp0s20f3: send auth to 82:a2:6a:23:fd:fd (try 1/3)
[  725.561552] wlp0s20f3: authenticated
[  725.562756] wlp0s20f3: associate with 82:a2:6a:23:fd:fd (try 1/3)
[  725.572839] wlp0s20f3: RX AssocResp from 82:a2:6a:23:fd:fd (capab=0x411 status=0 aid=1)
[  725.582175] wlp0s20f3: associated
[  725.743653] audit: type=1400 audit(1771608375.883:205): apparmor="DENIED" operation="open" class="file" profile="snap.firefox.firefox" name="/proc/pressure/memory" pid=3298 comm="MemoryPoller" requested_mask="r" denied_mask="r" fsuid=1000 ouid=0
[  730.829563] audit: type=1400 audit(1771608380.966:206): apparmor="DENIED" operation="open" class="file" profile="snap.firefox.firefox" name="/proc/pressure/memory" pid=3298 comm="MemoryPoller" requested_mask="r" denied_mask="r" fsuid=1000 ouid=0
[  735.894521] audit: type=1400 audit(1771608386.029:207): apparmor="DENIED" operation="open" class="file" profile="snap.firefox.firefox" name="/proc/pressure/memory" pid=3298 comm="MemoryPoller" requested_mask="r" denied_mask="r" fsuid=1000 ouid=0
[  740.924970] audit: type=1400 audit(1771608391.056:208): apparmor="DENIED" operation="open" class="file" profile="snap.firefox.firefox" name="/proc/pressure/memory" pid=3298 comm="MemoryPoller" requested_mask="r" denied_mask="r" fsuid=1000 ouid=0
[  745.987763] audit: type=1400 audit(1771608396.071:209): apparmor="DENIED" operation="open" class="file" profile="snap.firefox.firefox" name="/proc/pressure/memory" pid=3298 comm="MemoryPoller" requested_mask="r" denied_mask="r" fsuid=1000 ouid=0
[  751.042791] audit: type=1400 audit(1771608401.081:210): apparmor="DENIED" operation="open" class="file" profile="snap.firefox.firefox" name="/proc/pressure/memory" pid=3298 comm="MemoryPoller" requested_mask="r" denied_mask="r" fsuid=1000 ouid=0
[  756.126425] audit: type=1400 audit(1771608406.131:211): apparmor="DENIED" operation="open" class="file" profile="snap.firefox.firefox" name="/proc/pressure/memory" pid=3298 comm="MemoryPoller" requested_mask="r" denied_mask="r" fsuid=1000 ouid=0
[  761.162226] audit: type=1400 audit(1771608411.142:212): apparmor="DENIED" operation="open" class="file" profile="snap.firefox.firefox" name="/proc/pressure/memory" pid=3298 comm="MemoryPoller" requested_mask="r" denied_mask="r" fsuid=1000 ouid=0
[  766.185028] audit: type=1400 audit(1771608416.146:213): apparmor="DENIED" operation="open" class="file" profile="snap.firefox.firefox" name="/proc/pressure/memory" pid=3298 comm="MemoryPoller" requested_mask="r" denied_mask="r" fsuid=1000 ouid=0
[  771.201749] audit: type=1400 audit(1771608421.149:214): apparmor="DENIED" operation="open" class="file" profile="snap.firefox.firefox" name="/proc/pressure/memory" pid=3298 comm="MemoryPoller" requested_mask="r" denied_mask="r" fsuid=1000 ouid=0
[  776.213191] audit: type=1400 audit(1771608426.151:215): apparmor="DENIED" operation="open" class="file" profile="snap.firefox.firefox" name="/proc/pressure/memory" pid=3298 comm="MemoryPoller" requested_mask="r" denied_mask="r" fsuid=1000 ouid=0
[  781.229167] audit: type=1400 audit(1771608431.157:216): apparmor="DENIED" operation="open" class="file" profile="snap.firefox.firefox" name="/proc/pressure/memory" pid=3298 comm="MemoryPoller" requested_mask="r" denied_mask="r" fsuid=1000 ouid=0
[  792.502520] audit: type=1400 audit(1771608442.417:217): apparmor="DENIED" operation="open" class="file" profile="snap.firefox.firefox" name="/proc/pressure/memory" pid=3298 comm="MemoryPoller" requested_mask="r" denied_mask="r" fsuid=1000 ouid=0
[  797.644384] audit: type=1400 audit(1771608447.555:218): apparmor="DENIED" operation="open" class="file" profile="snap.firefox.firefox" name="/proc/pressure/memory" pid=3298 comm="MemoryPoller" requested_mask="r" denied_mask="r" fsuid=1000 ouid=0
[  834.825397] audit: type=1400 audit(1771608485.170:219): apparmor="DENIED" operation="open" class="file" profile="snap.firefox.firefox" name="/proc/pressure/memory" pid=3298 comm="MemoryPoller" requested_mask="r" denied_mask="r" fsuid=1000 ouid=0
[  834.936929] wlp0s20f3: Connection to AP 82:a2:6a:23:fd:fd lost
[  835.088159] wlp0s20f3: Connection to AP 00:00:00:00:00:00 lost
[  839.880356] audit: type=1400 audit(1771608490.221:220): apparmor="DENIED" operation="open" class="file" profile="snap.firefox.firefox" name="/proc/pressure/memory" pid=3298 comm="MemoryPoller" requested_mask="r" denied_mask="r" fsuid=1000 ouid=0
[  841.446054] wlp0s20f3: authenticate with 82:a2:6a:23:fd:fd (local address=14:85:7f:8d:6c:1a)
[  841.447249] wlp0s20f3: send auth to 82:a2:6a:23:fd:fd (try 1/3)
[  841.458319] wlp0s20f3: authenticated
[  841.458793] wlp0s20f3: associating to AP 82:a2:6a:23:fd:fd with corrupt beacon
[  841.460787] wlp0s20f3: associate with 82:a2:6a:23:fd:fd (try 1/3)
[  841.566364] wlp0s20f3: associate with 82:a2:6a:23:fd:fd (try 2/3)
[  841.670361] wlp0s20f3: associate with 82:a2:6a:23:fd:fd (try 3/3)
[  841.774460] wlp0s20f3: association with 82:a2:6a:23:fd:fd timed out
[  844.111361] wlp0s20f3: authenticate with 82:a2:6a:23:fd:fd (local address=14:85:7f:8d:6c:1a)
[  844.112446] wlp0s20f3: send auth to 82:a2:6a:23:fd:fd (try 1/3)
[  844.151776] wlp0s20f3: authenticated
[  844.152669] wlp0s20f3: associate with 82:a2:6a:23:fd:fd (try 1/3)
[  844.163391] wlp0s20f3: RX AssocResp from 82:a2:6a:23:fd:fd (capab=0x411 status=0 aid=1)
[  844.169957] wlp0s20f3: associated
[  845.261310] audit: type=1400 audit(1771608495.601:221): apparmor="DENIED" operation="open" class="file" profile="snap.firefox.firefox" name="/proc/pressure/memory" pid=3298 comm="MemoryPoller" requested_mask="r" denied_mask="r" fsuid=1000 ouid=0
[  849.579813] wlp0s20f3: Connection to AP 82:a2:6a:23:fd:fd lost
[  849.736476] wlp0s20f3: Connection to AP 00:00:00:00:00:00 lost
[  850.582497] audit: type=1400 audit(1771608500.919:222): apparmor="DENIED" operation="open" class="file" profile="snap.firefox.firefox" name="/proc/pressure/memory" pid=3298 comm="MemoryPoller" requested_mask="r" denied_mask="r" fsuid=1000 ouid=0
[  855.599004] audit: type=1400 audit(1771608505.933:223): apparmor="DENIED" operation="open" class="file" profile="snap.firefox.firefox" name="/proc/pressure/memory" pid=3298 comm="MemoryPoller" requested_mask="r" denied_mask="r" fsuid=1000 ouid=0
[  860.602565] audit: type=1400 audit(1771608510.934:224): apparmor="DENIED" operation="open" class="file" profile="snap.firefox.firefox" name="/proc/pressure/memory" pid=3298 comm="MemoryPoller" requested_mask="r" denied_mask="r" fsuid=1000 ouid=0
[  869.760649] wlp0s20f3: authenticate with 82:a2:6a:23:fd:fd (local address=14:85:7f:8d:6c:1a)
[  869.761813] wlp0s20f3: send auth to 82:a2:6a:23:fd:fd (try 1/3)
[  869.804454] wlp0s20f3: authenticated
[  869.805443] wlp0s20f3: associate with 82:a2:6a:23:fd:fd (try 1/3)
[  869.908479] wlp0s20f3: associate with 82:a2:6a:23:fd:fd (try 2/3)
